# Core dump will be written. Default location: Core dumps may be processed with "/sbin/crash_reporter --user=%P:%s:%u:%g:%f" (or dumping to /home/viniciusnogueira/Cursos/Udemy/POO (JAVA)/primeiro_programa/Projetos/course/core.18515)
#
# If you would like to submit a bug report, please visit:
#   https://github.com/adoptium/adoptium-support/issues
#

---------------  S U M M A R Y ------------

Command Line: --add-modules=ALL-SYSTEM --add-opens=java.base/java.util=ALL-UNNAMED --add-opens=java.base/java.lang=ALL-UNNAMED --add-opens=java.base/sun.nio.fs=ALL-UNNAMED -Declipse.application=org.eclipse.jdt.ls.core.id1 -Dosgi.bundles.defaultStartLevel=4 -Declipse.product=org.eclipse.jdt.ls.core.product -Djava.import.generatesMetadataFilesAtProjectRoot=false -DDetectVMInstallationsJob.disabled=true -Dfile.encoding=utf8 -XX:+UseParallelGC -XX:GCTimeRatio=4 -XX:AdaptiveSizePolicyWeight=90 -Dsun.zip.disableMemoryMapping=true -Xmx1G -Xms100m -Xlog:disable -javaagent:/home/viniciusnogueira/.vscode/extensions/redhat.java-1.39.0-linux-x64/lombok/lombok-1.18.34.jar -XX:+HeapDumpOnOutOfMemoryError -XX:HeapDumpPath=/home/viniciusnogueira/.config/Code/User/workspaceStorage/ba7d5fb42bc27d3f3b83038a8ff2cd8a/redhat.java -Daether.dependencyCollector.impl=bf /home/viniciusnogueira/.vscode/extensions/redhat.java-1.39.0-linux-x64/server/plugins/org.eclipse.equinox.launcher_1.6.900.v20240613-2009.jar -configuration /home/viniciusnogueira/.config/Code/User/globalStorage/redhat.java/1.39.0/config_linux -data /home/viniciusnogueira/.config/Code/User/workspaceStorage/ba7d5fb42bc27d3f3b83038a8ff2cd8a/redhat.java/jdt_ws --pipe=/run/user/1000/lsp-95366177806ce54b5490f05180ca60b8.sock

Host: Intel(R) Celeron(R) N4500 @ 1.10GHz, 2 cores, 6G, Debian GNU/Linux 11 (bullseye)
Time: Fri Feb 14 14:09:12 2025 -03 elapsed time: 294.050121 seconds (0d 0h 4m 54s)

---------------  T H R E A D  ---------------

Current thread (0x00007f8b28051150):  WatcherThread "VM Periodic Task Thread" [id=18518, stack(0x00007f8b2c427000,0x00007f8b2c527000) (1024K)]

Stack: [0x00007f8b2c427000,0x00007f8b2c527000],  sp=0x00007f8b2c525d80,  free space=1019k
Native frames: (J=compiled Java code, j=interpreted, Vv=VM code, C=native code)
V  [libjvm.so+0xd5030e]  PerfLongVariant::sample()+0x1e
V  [libjvm.so+0xe94eb2]  StatSamplerTask::task()+0x32
V  [libjvm.so+0xf4726d]  PeriodicTask::real_time_tick(int)+0x5d
V  [libjvm.so+0xcd4540]  WatcherThread::run()+0x80
V  [libjvm.so+0xf7eeb8]  Thread::call_run()+0xa8
V  [libjvm.so+0xd08a8a]  thread_native_entry(Thread*)+0xda

siginfo: si_signo: 7 (SIGBUS), si_code: 2 (BUS_ADRERR), si_addr: 0x00007f8b2eeaad18

Registers:
RAX=0x0000004422b507ad, RBX=0x00007f8b2eeaad18, RCX=0x0000000000016c39, RDX=0x0000000000000000
RSP=0x00007f8b2c525d80, RBP=0x00007f8b2c525d90, RSI=0x00007f8b2c525d60, RDI=0x7fffffffffffffff
R8 =0x00007ffea2b7b0b0, R9 =0x0000000000000010, R10=0x00007ffea2b7b080, R11=0x00000000018a99b4
R12=0x00007f8b28199a00, R13=0x0000000000000001, R14=0x0000000000000002, R15=0x00007f8b3055d1a0
RIP=0x00007f8b2fd5030e, EFLAGS=0x0000000000010212, CSGSFS=0x002b000000000033, ERR=0x0000000000000007
  TRAPNO=0x000000000000000e


Register to memory mapping:

RAX=0x0000004422b507ad is an unknown value
RBX=0x00007f8b2eeaad18 points into unknown readable memory: 0x000000441fac3420 | 20 34 ac 1f 44 00 00 00
RCX=0x0000000000016c39 is an unknown value
RDX=0x0 is null
RSP=0x00007f8b2c525d80 points into unknown readable memory: 0x00007f8b2c525db0 | b0 5d 52 2c 8b 7f 00 00
RBP=0x00007f8b2c525d90 points into unknown readable memory: 0x00007f8b2c525db0 | b0 5d 52 2c 8b 7f 00 00
RSI=0x00007f8b2c525d60 points into unknown readable memory: 0x0000000000016c39 | 39 6c 01 00 00 00 00 00
RDI=0x7fffffffffffffff is an unknown value
R8 =0x00007ffea2b7b0b0 points into unknown readable memory: 0x0000000000016c3b | 3b 6c 01 00 00 00 00 00
R9 =0x0000000000000010 is an unknown value
R10=0x00007ffea2b7b080 points into unknown readable memory: 0x00000001018aa19c | 9c a1 8a 01 01 00 00 00
R11=0x00000000018a99b4 is an unknown value
R12=0x00007f8b28199a00 points into unknown readable memory: 0x00007f8b28199a20 | 20 9a 19 28 8b 7f 00 00
R13=0x0000000000000001 is an unknown value
R14=0x0000000000000002 is an unknown value
R15=0x00007f8b3055d1a0: <offset 0x000000000155d1a0> in /home/viniciusnogueira/.vscode/extensions/redhat.java-1.39.0-linux-x64/jre/21.0.5-linux-x86_64/lib/server/libjvm.so at 0x00007f8b2f000000

Top of Stack: (sp=0x00007f8b2c525d80)
0x00007f8b2c525d80:   00007f8b2c525db0 0000000000000005
0x00007f8b2c525d90:   00007f8b2c525db0 00007f8b2fe94eb2
0x00007f8b2c525da0:   0000000000000032 0000000000000032
0x00007f8b2c525db0:   00007f8b2c525e00 00007f8b2ff4726d
0x00007f8b2c525dc0:   00007f8b28051d50 00007f8b3054bd38
0x00007f8b2c525dd0:   0000000000000000 00007f8b28051150
0x00007f8b2c525de0:   0000000000000032 00007f8b2c427000
0x00007f8b2c525df0:   0000000000100000 0000000000102000
0x00007f8b2c525e00:   00007f8b2c525e60 00007f8b2fcd4540
0x00007f8b2c525e10:   00007f8b2c525e60 00007f8b2c525e30
0x00007f8b2c525e20:   00007f8b2c427000 00007f8b2fd069a3
0x00007f8b2c525e30:   6f69726550204d56 0073615420636964
0x00007f8b2c525e40:   00007f8b2c525e60 a9e5127cb7555100
0x00007f8b2c525e50:   00007f8b28051d50 00007f8b28051150
0x00007f8b2c525e60:   00007f8b2c525ec0 00007f8b2ff7eeb8
0x00007f8b2c525e70:   0000000000000000 00007f8b28051e20
0x00007f8b2c525e80:   0000000000000000 00007f8b28051150
0x00007f8b2c525e90:   00007f8b2c525ec0 00007f8b2fcbba29
0x00007f8b2c525ea0:   00007f8b2c525ef0 00007f8b28051e20
0x00007f8b2c525eb0:   00007f8b28051150 00007f8b2c525fc0
0x00007f8b2c525ec0:   00007f8b2c525ef0 00007f8b2fd08a8a
0x00007f8b2c525ed0:   0000000000000000 0000000000000000
0x00007f8b2c525ee0:   00007f8b2effe95e 00007f8b2effe95f
0x00007f8b2c525ef0:   0000000000000000 00007f8b308b0ea7
0x00007f8b2c525f00:   0000000000000000 00007f8b2c526700
0x00007f8b2c525f10:   00007f8b2c526700 6a92f085784e2d39
0x00007f8b2c525f20:   00007f8b2effe95e 00007f8b2effe95f
0x00007f8b2c525f30:   00007f8b2c525fc0 0000000000102000
0x00007f8b2c525f40:   9584a821c64e2d39 9584919364d42d39
0x00007f8b2c525f50:   0000000000000000 0000000000000000
0x00007f8b2c525f60:   0000000000000000 0000000000000000
0x00007f8b2c525f70:   0000000000000000 0000000000000000 

Instructions: (pc=0x00007f8b2fd5030e)
0x00007f8b2fd5020e:   00 04 00 00 00 48 83 c4 08 5b 41 5c 41 5d 41 5e
0x00007f8b2fd5021e:   41 5f 5d c3 66 0f 1f 44 00 00 f0 83 04 24 00 48
0x00007f8b2fd5022e:   8b 83 48 04 00 00 a8 01 0f 84 69 ff ff ff 31 d2
0x00007f8b2fd5023e:   be 01 00 00 00 48 89 df e8 a5 d9 06 00 8b 83 40
0x00007f8b2fd5024e:   04 00 00 a8 0c 0f 84 5a ff ff ff 48 89 df e8 af
0x00007f8b2fd5025e:   af bd ff e9 4d ff ff ff 66 2e 0f 1f 84 00 00 00
0x00007f8b2fd5026e:   00 00 48 89 df e8 98 af bd ff e9 be fe ff ff 0f
0x00007f8b2fd5027e:   1f 00 31 d2 be 01 00 00 00 48 89 df e8 61 d9 06
0x00007f8b2fd5028e:   00 e9 99 fe ff ff 0f 1f 40 00 48 89 df e8 c0 9e
0x00007f8b2fd5029e:   bd ff e9 5d fe ff ff 48 8d 05 44 de 79 00 48 8d
0x00007f8b2fd502ae:   0d 89 f8 3e 00 48 8d 15 98 f8 3e 00 be 35 01 00
0x00007f8b2fd502be:   00 48 8d 3d 1a 8d 44 00 48 8b 00 c6 00 58 31 c0
0x00007f8b2fd502ce:   e8 8d ba 96 ff 66 66 66 66 2e 0f 1f 84 00 00 00
0x00007f8b2fd502de:   00 00 0f 1f 44 00 00 00 00 00 00 00 00 00 00 00
0x00007f8b2fd502ee:   00 00 4c 8b 47 38 4d 85 c0 74 27 55 48 89 e5 53
0x00007f8b2fd502fe:   48 83 ec 08 49 8b 00 48 8b 5f 28 4c 89 c7 ff 10
0x00007f8b2fd5030e:   48 89 03 48 8b 5d f8 c9 c3 66 0f 1f 84 00 00 00
0x00007f8b2fd5031e:   00 00 c3 90 66 66 2e 0f 1f 84 00 00 00 00 00 0f
0x00007f8b2fd5032e:   1f 00 55 48 8d 05 00 26 79 00 66 41 0f 6e c0 66
0x00007f8b2fd5033e:   0f 6e c9 66 0f 62 c1 48 89 e5 41 57 49 89 d7 41
0x00007f8b2fd5034e:   56 41 55 4c 63 ee 41 54 53 48 89 fb 48 83 ec 18
0x00007f8b2fd5035e:   48 89 07 48 8d 05 d8 c2 7a 00 48 c7 47 08 00 00
0x00007f8b2fd5036e:   00 00 4e 8b 34 e8 c6 47 18 00 48 c7 47 28 00 00
0x00007f8b2fd5037e:   00 00 66 0f d6 47 10 48 89 d7 e8 23 27 55 ff 4c
0x00007f8b2fd5038e:   89 f7 48 89 45 c8 e8 17 27 55 ff 48 8b 55 c8 be
0x00007f8b2fd5039e:   09 00 00 00 4c 8d 4c 02 02 31 d2 4c 89 cf 4c 89
0x00007f8b2fd503ae:   4d c8 e8 0b fa 6d ff 41 83 fd 18 4c 8b 4d c8 48
0x00007f8b2fd503be:   89 43 08 48 89 c7 74 5a 48 8d 15 0c 45 3d 00 4d
0x00007f8b2fd503ce:   89 f8 4c 89 f1 4c 89 ce 31 c0 4d 89 ec e8 a0 b1
0x00007f8b2fd503de:   fa ff 49 69 c5 56 55 55 55 44 89 ea c1 fa 1f 48
0x00007f8b2fd503ee:   c1 e8 20 29 d0 8d 04 40 41 29 c4 41 83 fc 01 77
0x00007f8b2fd503fe:   5d b8 01 00 00 00 89 43 1c 48 83 c4 18 5b 41 5c 


Stack slot to memory mapping:

stack at sp + 0 slots: 0x00007f8b2c525db0 points into unknown readable memory: 0x00007f8b2c525e00 | 00 5e 52 2c 8b 7f 00 00
stack at sp + 1 slots: 0x0000000000000005 is an unknown value
stack at sp + 2 slots: 0x00007f8b2c525db0 points into unknown readable memory: 0x00007f8b2c525e00 | 00 5e 52 2c 8b 7f 00 00
stack at sp + 3 slots: 0x00007f8b2fe94eb2: <offset 0x0000000000e94eb2> in /home/viniciusnogueira/.vscode/extensions/redhat.java-1.39.0-linux-x64/jre/21.0.5-linux-x86_64/lib/server/libjvm.so at 0x00007f8b2f000000
stack at sp + 4 slots: 0x0000000000000032 is an unknown value
stack at sp + 5 slots: 0x0000000000000032 is an unknown value
stack at sp + 6 slots: 0x00007f8b2c525e00 points into unknown readable memory: 0x00007f8b2c525e60 | 60 5e 52 2c 8b 7f 00 00
stack at sp + 7 slots: 0x00007f8b2ff4726d: <offset 0x0000000000f4726d> in /home/viniciusnogueira/.vscode/extensions/redhat.java-1.39.0-linux-x64/jre/21.0.5-linux-x86_64/lib/server/libjvm.so at 0x00007f8b2f000000


---------------  P R O C E S S  ---------------

Threads class SMR info:
_java_thread_list=0x00007f8aa5530400, length=25, elements={
0x00007f8b2802b160, 0x00007f8b280ae810, 0x00007f8b280afd40, 0x00007f8b280b1490,
0x00007f8b280b2a90, 0x00007f8b280b3ff0, 0x00007f8b280b5af0, 0x00007f8b280b7170,
0x00007f8b280c7340, 0x00007f8b28189350, 0x00007f8b2831f0f0, 0x00007f8b28379660,
0x0000556f96ba2ab0, 0x00007f8b2837bfd0, 0x00007f8a94119840, 0x00007f8a944c4010,
0x00007f8a943cc4a0, 0x00007f8a94242f80, 0x00007f8a9403a140, 0x00007f8b283bda10,
0x00007f8b284d93d0, 0x00007f8b284da880, 0x00007f8abc024630, 0x00007f8aac48ed90,
0x00007f8ab84d0680
}

Java Threads: ( => current thread )
  0x00007f8b2802b160 JavaThread "main"                              [_thread_blocked, id=18516, stack(0x00007f8b2eeff000,0x00007f8b2f000000) (1028K)]
  0x00007f8b280ae810 JavaThread "Reference Handler"          daemon [_thread_blocked, id=18520, stack(0x00007f8b158fd000,0x00007f8b159fe000) (1028K)]
  0x00007f8b280afd40 JavaThread "Finalizer"                  daemon [_thread_blocked, id=18521, stack(0x00007f8b154ff000,0x00007f8b15600000) (1028K)]
  0x00007f8b280b1490 JavaThread "Signal Dispatcher"          daemon [_thread_blocked, id=18522, stack(0x00007f8b153fe000,0x00007f8b154ff000) (1028K)]
  0x00007f8b280b2a90 JavaThread "Service Thread"             daemon [_thread_blocked, id=18523, stack(0x00007f8b152fd000,0x00007f8b153fe000) (1028K)]
  0x00007f8b280b3ff0 JavaThread "Monitor Deflation Thread"   daemon [_thread_blocked, id=18524, stack(0x00007f8b151fc000,0x00007f8b152fd000) (1028K)]
  0x00007f8b280b5af0 JavaThread "C2 CompilerThread0"         daemon [_thread_blocked, id=18525, stack(0x00007f8b150fb000,0x00007f8b151fc000) (1028K)]
  0x00007f8b280b7170 JavaThread "C1 CompilerThread0"         daemon [_thread_blocked, id=18527, stack(0x00007f8b14ffa000,0x00007f8b150fb000) (1028K)]
  0x00007f8b280c7340 JavaThread "Common-Cleaner"             daemon [_thread_blocked, id=18534, stack(0x00007f8b14ef9000,0x00007f8b14ffa000) (1028K)]
  0x00007f8b28189350 JavaThread "Notification Thread"        daemon [_thread_blocked, id=18547, stack(0x00007f8b14df8000,0x00007f8b14ef9000) (1028K)]
  0x00007f8b2831f0f0 JavaThread "Active Thread: Equinox Container: b959650d-a5bf-413a-ba3b-954df58ec097"        [_thread_blocked, id=18704, stack(0x00007f8b14bf6000,0x00007f8b14cf7000) (1028K)]
  0x00007f8b28379660 JavaThread "Refresh Thread: Equinox Container: b959650d-a5bf-413a-ba3b-954df58ec097" daemon [_thread_blocked, id=18707, stack(0x00007f8b14af5000,0x00007f8b14bf6000) (1028K)]
  0x0000556f96ba2ab0 JavaThread "Framework Event Dispatcher: Equinox Container: b959650d-a5bf-413a-ba3b-954df58ec097" daemon [_thread_blocked, id=18708, stack(0x00007f8b149f4000,0x00007f8b14af5000) (1028K)]
  0x00007f8b2837bfd0 JavaThread "Start Level: Equinox Container: b959650d-a5bf-413a-ba3b-954df58ec097" daemon [_thread_blocked, id=18709, stack(0x00007f8b148f3000,0x00007f8b149f4000) (1028K)]
  0x00007f8a94119840 JavaThread "Bundle File Closer"         daemon [_thread_blocked, id=18711, stack(0x00007f8b147f2000,0x00007f8b148f3000) (1028K)]
  0x00007f8a944c4010 JavaThread "SCR Component Actor"        daemon [_thread_blocked, id=18714, stack(0x00007f8b146f1000,0x00007f8b147f2000) (1028K)]
  0x00007f8a943cc4a0 JavaThread "Worker-JM"                         [_thread_blocked, id=18716, stack(0x00007f8b144ef000,0x00007f8b145f0000) (1028K)]
  0x00007f8a94242f80 JavaThread "Worker-1"                          [_thread_blocked, id=18718, stack(0x00007f8b142ed000,0x00007f8b143ee000) (1028K)]
  0x00007f8a9403a140 JavaThread "Java indexing"              daemon [_thread_blocked, id=18726, stack(0x00007f8b140eb000,0x00007f8b141ec000) (1028K)]
  0x00007f8b283bda10 JavaThread "pool-2-thread-1"                   [_thread_blocked, id=18730, stack(0x00007f8acecfd000,0x00007f8acedfe000) (1028K)]
  0x00007f8b284d93d0 JavaThread "WorkspaceEventsHandler"            [_thread_blocked, id=18732, stack(0x00007f8ace94a000,0x00007f8acea4b000) (1028K)]
  0x00007f8b284da880 JavaThread "pool-1-thread-1"                   [_thread_in_native, id=18733, stack(0x00007f8ace849000,0x00007f8ace94a000) (1028K)]
  0x00007f8abc024630 JavaThread "Worker-6"                          [_thread_blocked, id=18734, stack(0x00007f8acebfc000,0x00007f8acecfd000) (1028K)]
  0x00007f8aac48ed90 JavaThread "Compiler Class File Writer" daemon [_thread_blocked, id=18738, stack(0x00007f8ace546000,0x00007f8ace647000) (1028K)]
  0x00007f8ab84d0680 JavaThread "Attach Listener"            daemon [_thread_blocked, id=18822, stack(0x00007f8ace142000,0x00007f8ace243000) (1028K)]
Total: 25

Other Threads:
  0x00007f8b280a50c0 VMThread "VM Thread"                           [id=18519, stack(0x00007f8b159ff000,0x00007f8b15aff000) (1024K)]
=>0x00007f8b28051150 WatcherThread "VM Periodic Task Thread"        [id=18518, stack(0x00007f8b2c427000,0x00007f8b2c527000) (1024K)]
  0x00007f8b28042320 WorkerThread "GC Thread#0"                     [id=18517, stack(0x00007f8b2e9af000,0x00007f8b2eaaf000) (1024K)]
  0x00007f8abc000f90 WorkerThread "GC Thread#1"                     [id=18563, stack(0x00007f8b14cf8000,0x00007f8b14df8000) (1024K)]
Total: 4

Threads with active compile tasks:
Total: 0

VM state: not at safepoint (normal execution)

VM Mutex/Monitor currently owned by a thread:  ([mutex/lock_event])
[0x00007f8b3054bd38] PeriodicTask_lock - owner thread: 0x00007f8b28051150

Heap address: 0x00000000c0000000, size: 1024 MB, Compressed Oops mode: 32-bit

CDS archive(s) mapped at: [0x00007f8acf000000-0x00007f8acfbb8000-0x00007f8acfbb8000), size 12288000, SharedBaseAddress: 0x00007f8acf000000, ArchiveRelocationMode: 1.
Compressed class space mapped at: 0x00007f8ad0000000-0x00007f8b10000000, reserved size: 1073741824
Narrow klass base: 0x00007f8acf000000, Narrow klass shift: 0, Narrow klass range: 0x100000000

GC Precious Log:
 CardTable entry size: 512
 CPUs: 2 total, 2 available
 Memory: 6552M
 Large Page Support: Disabled
 NUMA Support: Disabled
 Compressed Oops: Enabled (32-bit)
 Alignments: Space 512K, Generation 512K, Heap 2M
 Heap Min Capacity: 100M
 Heap Initial Capacity: 100M
 Heap Max Capacity: 1G
 Pre-touch: Disabled
 Parallel Workers: 2

Heap:
 PSYoungGen      total 16896K, used 11673K [0x00000000eab00000, 0x00000000eda80000, 0x0000000100000000)
  eden space 12288K, 57% used [0x00000000eab00000,0x00000000eb1ec000,0x00000000eb700000)
  from space 4608K, 99% used [0x00000000ec580000,0x00000000ec9fa738,0x00000000eca00000)
  to   space 14848K, 0% used [0x00000000eb700000,0x00000000eb700000,0x00000000ec580000)
 ParOldGen       total 560128K, used 559964K [0x00000000c0000000, 0x00000000e2300000, 0x00000000eab00000)
  object space 560128K, 99% used [0x00000000c0000000,0x00000000e22d7240,0x00000000e2300000)
 Metaspace       used 61961K, committed 63296K, reserved 1114112K
  class space    used 6309K, committed 6848K, reserved 1048576K

Card table byte_map: [0x00007f8b2eaaf000,0x00007f8b2ecb0000] _byte_map_base: 0x00007f8b2e4af000

Marking Bits: (ParMarkBitMap*) 0x00007f8b30551080
 Begin Bits: [0x00007f8b2c858000, 0x00007f8b2d858000)
 End Bits:   [0x00007f8b2d858000, 0x00007f8b2e858000)

Polling page: 0x00007f8b308d2000

Metaspace:

Usage:
  Non-class:     54.35 MB used.
      Class:      6.16 MB used.
       Both:     60.51 MB used.

Virtual space:
  Non-class space:       64.00 MB reserved,      55.12 MB ( 86%) committed,  1 nodes.
      Class space:        1.00 GB reserved,       6.69 MB ( <1%) committed,  1 nodes.
             Both:        1.06 GB reserved,      61.81 MB (  6%) committed. 

Chunk freelists:
   Non-Class:  8.41 MB
       Class:  9.13 MB
        Both:  17.54 MB

MaxMetaspaceSize: unlimited
CompressedClassSpaceSize: 1.00 GB
Initial GC threshold: 21.00 MB
Current GC threshold: 97.31 MB
CDS: on
 - commit_granule_bytes: 65536.
 - commit_granule_words: 8192.
 - virtual_space_node_default_size: 8388608.
 - enlarge_chunks_in_place: 1.
 - use_allocation_guard: 0.


Internal statistics:

num_allocs_failed_limit: 11.
num_arena_births: 1162.
num_arena_deaths: 16.
num_vsnodes_births: 2.
num_vsnodes_deaths: 0.
num_space_committed: 989.
num_space_uncommitted: 0.
num_chunks_returned_to_freelist: 27.
num_chunks_taken_from_freelist: 4210.
num_chunk_merges: 15.
num_chunk_splits: 2508.
num_chunks_enlarged: 1280.
num_inconsistent_stats: 0.

CodeHeap 'non-profiled nmethods': size=120036Kb used=5807Kb max_used=5807Kb free=114228Kb
 bounds [0x00007f8b1d6c7000, 0x00007f8b1dc77000, 0x00007f8b24c00000]
CodeHeap 'profiled nmethods': size=120032Kb used=22614Kb max_used=22614Kb free=97417Kb
 bounds [0x00007f8b15c00000, 0x00007f8b17220000, 0x00007f8b1d138000]
CodeHeap 'non-nmethods': size=5692Kb used=1404Kb max_used=1463Kb free=4287Kb
 bounds [0x00007f8b1d138000, 0x00007f8b1d3a8000, 0x00007f8b1d6c7000]
 total_blobs=11905 nmethods=11178 adapters=635
 compilation: enabled
              stopped_count=0, restarted_count=0
 full_count=0

Compilation events (20 events):
Event: 112.896 Thread 0x00007f8b280b7170 nmethod 12227 0x00007f8b17210b10 code [0x00007f8b17210cc0, 0x00007f8b17210f68]
Event: 112.934 Thread 0x00007f8b280b7170 12229   !   3       sun.nio.ch.SocketChannelImpl::write (190 bytes)
Event: 112.941 Thread 0x00007f8b280b7170 nmethod 12229 0x00007f8b17211090 code [0x00007f8b17211460, 0x00007f8b17212cb8]
Event: 113.681 Thread 0x00007f8b280b5af0 nmethod 12226 0x00007f8b1dc64890 code [0x00007f8b1dc65080, 0x00007f8b1dc6c4f8]
Event: 113.682 Thread 0x00007f8b280b5af0 12228 %     4       org.eclipse.jdt.internal.core.index.DiskIndex::addQueryResults @ 361 (739 bytes)
Event: 113.696 Thread 0x00007f8b280b5af0 nmethod 12228% 0x00007f8b1dc70890 code [0x00007f8b1dc70a80, 0x00007f8b1dc71268]
Event: 113.696 Thread 0x00007f8b280b5af0 12204   !   4       org.eclipse.jdt.internal.core.index.Index::query (203 bytes)
Event: 113.710 Thread 0x00007f8b280b5af0 nmethod 12204 0x00007f8b1dc71890 code [0x00007f8b1dc71a80, 0x00007f8b1dc72000]
Event: 113.710 Thread 0x00007f8b280b5af0 12199       4       java.lang.invoke.LambdaForm$MH/0x00007f8ad0168000::invoke (67 bytes)
Event: 113.713 Thread 0x00007f8b280b5af0 nmethod 12199 0x00007f8b1dc72410 code [0x00007f8b1dc725e0, 0x00007f8b1dc72838]
Event: 113.713 Thread 0x00007f8b280b5af0 12219       4       java.lang.invoke.MethodTypeForm::canonicalize (74 bytes)
Event: 113.713 Thread 0x00007f8b280b5af0 nmethod 12219 0x00007f8b1dc72b90 code [0x00007f8b1dc72d20, 0x00007f8b1dc72df0]
Event: 150.808 Thread 0x00007f8b280b7170 12230   !   3       java.util.concurrent.locks.AbstractQueuedSynchronizer::tryInitializeHead (66 bytes)
Event: 150.809 Thread 0x00007f8b280b7170 nmethod 12230 0x00007f8b17213790 code [0x00007f8b17213980, 0x00007f8b17213ea0]
Event: 220.816 Thread 0x00007f8b280b7170 12231   !   3       java.util.concurrent.locks.AbstractQueuedSynchronizer$ConditionObject::newConditionNode (78 bytes)
Event: 220.817 Thread 0x00007f8b280b7170 nmethod 12231 0x00007f8b17214090 code [0x00007f8b172142e0, 0x00007f8b17214ab0]
Event: 220.817 Thread 0x00007f8b280b7170 12232       3       java.util.concurrent.locks.AbstractQueuedSynchronizer$ConditionNode::<init> (5 bytes)
Event: 220.817 Thread 0x00007f8b280b7170 nmethod 12232 0x00007f8b17214d90 code [0x00007f8b17214f40, 0x00007f8b17215100]
Event: 231.998 Thread 0x00007f8b280b7170 12233       3       java.util.concurrent.locks.AbstractQueuedSynchronizer$ConditionObject::canReacquire (38 bytes)
Event: 231.998 Thread 0x00007f8b280b7170 nmethod 12233 0x00007f8b17215210 code [0x00007f8b172153c0, 0x00007f8b17215700]

GC Heap History (20 events):
Event: 110.180 GC heap before
{Heap before GC invocations=312 (full 3):
 PSYoungGen      total 20992K, used 20793K [0x00000000eab00000, 0x00000000ec180000, 0x0000000100000000)
  eden space 18944K, 100% used [0x00000000eab00000,0x00000000ebd80000,0x00000000ebd80000)
  from space 2048K, 90% used [0x00000000ebf80000,0x00000000ec14e4e8,0x00000000ec180000)
  to   space 2048K, 0% used [0x00000000ebd80000,0x00000000ebd80000,0x00000000ebf80000)
 ParOldGen       total 527872K, used 527702K [0x00000000c0000000, 0x00000000e0380000, 0x00000000eab00000)
  object space 527872K, 99% used [0x00000000c0000000,0x00000000e0355848,0x00000000e0380000)
 Metaspace       used 61777K, committed 63104K, reserved 1114112K
  class space    used 6293K, committed 6848K, reserved 1048576K
}
Event: 110.198 GC heap after
{Heap after GC invocations=312 (full 3):
 PSYoungGen      total 20992K, used 2028K [0x00000000eab00000, 0x00000000ec680000, 0x0000000100000000)
  eden space 18944K, 0% used [0x00000000eab00000,0x00000000eab00000,0x00000000ebd80000)
  from space 2048K, 99% used [0x00000000ebd80000,0x00000000ebf7b008,0x00000000ebf80000)
  to   space 4608K, 0% used [0x00000000ec200000,0x00000000ec200000,0x00000000ec680000)
 ParOldGen       total 529920K, used 529509K [0x00000000c0000000, 0x00000000e0580000, 0x00000000eab00000)
  object space 529920K, 99% used [0x00000000c0000000,0x00000000e05196b8,0x00000000e0580000)
 Metaspace       used 61777K, committed 63104K, reserved 1114112K
  class space    used 6293K, committed 6848K, reserved 1048576K
}
Event: 110.291 GC heap before
{Heap before GC invocations=313 (full 3):
 PSYoungGen      total 20992K, used 20972K [0x00000000eab00000, 0x00000000ec680000, 0x0000000100000000)
  eden space 18944K, 100% used [0x00000000eab00000,0x00000000ebd80000,0x00000000ebd80000)
  from space 2048K, 99% used [0x00000000ebd80000,0x00000000ebf7b008,0x00000000ebf80000)
  to   space 4608K, 0% used [0x00000000ec200000,0x00000000ec200000,0x00000000ec680000)
 ParOldGen       total 529920K, used 529509K [0x00000000c0000000, 0x00000000e0580000, 0x00000000eab00000)
  object space 529920K, 99% used [0x00000000c0000000,0x00000000e05196b8,0x00000000e0580000)
 Metaspace       used 61778K, committed 63104K, reserved 1114112K
  class space    used 6293K, committed 6848K, reserved 1048576K
}
Event: 110.313 GC heap after
{Heap after GC invocations=313 (full 3):
 PSYoungGen      total 21504K, used 2200K [0x00000000eab00000, 0x00000000ec480000, 0x0000000100000000)
  eden space 18944K, 0% used [0x00000000eab00000,0x00000000eab00000,0x00000000ebd80000)
  from space 2560K, 85% used [0x00000000ec200000,0x00000000ec426008,0x00000000ec480000)
  to   space 3072K, 0% used [0x00000000ebe80000,0x00000000ebe80000,0x00000000ec180000)
 ParOldGen       total 531456K, used 531253K [0x00000000c0000000, 0x00000000e0700000, 0x00000000eab00000)
  object space 531456K, 99% used [0x00000000c0000000,0x00000000e06cd6b8,0x00000000e0700000)
 Metaspace       used 61778K, committed 63104K, reserved 1114112K
  class space    used 6293K, committed 6848K, reserved 1048576K
}
Event: 110.512 GC heap before
{Heap before GC invocations=314 (full 3):
 PSYoungGen      total 21504K, used 21144K [0x00000000eab00000, 0x00000000ec480000, 0x0000000100000000)
  eden space 18944K, 100% used [0x00000000eab00000,0x00000000ebd80000,0x00000000ebd80000)
  from space 2560K, 85% used [0x00000000ec200000,0x00000000ec426008,0x00000000ec480000)
  to   space 3072K, 0% used [0x00000000ebe80000,0x00000000ebe80000,0x00000000ec180000)
 ParOldGen       total 531456K, used 531253K [0x00000000c0000000, 0x00000000e0700000, 0x00000000eab00000)
  object space 531456K, 99% used [0x00000000c0000000,0x00000000e06cd6b8,0x00000000e0700000)
 Metaspace       used 61778K, committed 63104K, reserved 1114112K
  class space    used 6293K, committed 6848K, reserved 1048576K
}
Event: 110.543 GC heap after
{Heap after GC invocations=314 (full 3):
 PSYoungGen      total 20992K, used 1838K [0x00000000eab00000, 0x00000000ec280000, 0x0000000100000000)
  eden space 18944K, 0% used [0x00000000eab00000,0x00000000eab00000,0x00000000ebd80000)
  from space 2048K, 89% used [0x00000000ebe80000,0x00000000ec04b9e8,0x00000000ec080000)
  to   space 2048K, 0% used [0x00000000ec080000,0x00000000ec080000,0x00000000ec280000)
 ParOldGen       total 533504K, used 533300K [0x00000000c0000000, 0x00000000e0900000, 0x00000000eab00000)
  object space 533504K, 99% used [0x00000000c0000000,0x00000000e08cd1c8,0x00000000e0900000)
 Metaspace       used 61778K, committed 63104K, reserved 1114112K
  class space    used 6293K, committed 6848K, reserved 1048576K
}
Event: 110.682 GC heap before
{Heap before GC invocations=315 (full 3):
 PSYoungGen      total 20992K, used 20782K [0x00000000eab00000, 0x00000000ec280000, 0x0000000100000000)
  eden space 18944K, 100% used [0x00000000eab00000,0x00000000ebd80000,0x00000000ebd80000)
  from space 2048K, 89% used [0x00000000ebe80000,0x00000000ec04b9e8,0x00000000ec080000)
  to   space 2048K, 0% used [0x00000000ec080000,0x00000000ec080000,0x00000000ec280000)
 ParOldGen       total 533504K, used 533300K [0x00000000c0000000, 0x00000000e0900000, 0x00000000eab00000)
  object space 533504K, 99% used [0x00000000c0000000,0x00000000e08cd1c8,0x00000000e0900000)
 Metaspace       used 61778K, committed 63104K, reserved 1114112K
  class space    used 6293K, committed 6848K, reserved 1048576K
}
Event: 110.703 GC heap after
{Heap after GC invocations=315 (full 3):
 PSYoungGen      total 20992K, used 2028K [0x00000000eab00000, 0x00000000ec280000, 0x0000000100000000)
  eden space 18944K, 0% used [0x00000000eab00000,0x00000000eab00000,0x00000000ebd80000)
  from space 2048K, 99% used [0x00000000ec080000,0x00000000ec27b008,0x00000000ec280000)
  to   space 2560K, 0% used [0x00000000ebd80000,0x00000000ebd80000,0x00000000ec000000)
 ParOldGen       total 535040K, used 534973K [0x00000000c0000000, 0x00000000e0a80000, 0x00000000eab00000)
  object space 535040K, 99% used [0x00000000c0000000,0x00000000e0a6f770,0x00000000e0a80000)
 Metaspace       used 61778K, committed 63104K, reserved 1114112K
  class space    used 6293K, committed 6848K, reserved 1048576K
}
Event: 110.827 GC heap before
{Heap before GC invocations=316 (full 3):
 PSYoungGen      total 20992K, used 20972K [0x00000000eab00000, 0x00000000ec280000, 0x0000000100000000)
  eden space 18944K, 100% used [0x00000000eab00000,0x00000000ebd80000,0x00000000ebd80000)
  from space 2048K, 99% used [0x00000000ec080000,0x00000000ec27b008,0x00000000ec280000)
  to   space 2560K, 0% used [0x00000000ebd80000,0x00000000ebd80000,0x00000000ec000000)
 ParOldGen       total 535040K, used 534973K [0x00000000c0000000, 0x00000000e0a80000, 0x00000000eab00000)
  object space 535040K, 99% used [0x00000000c0000000,0x00000000e0a6f770,0x00000000e0a80000)
 Metaspace       used 61779K, committed 63104K, reserved 1114112K
  class space    used 6293K, committed 6848K, reserved 1048576K
}
Event: 110.844 GC heap after
{Heap after GC invocations=316 (full 3):
 PSYoungGen      total 21504K, used 2328K [0x00000000eab00000, 0x00000000ec280000, 0x0000000100000000)
  eden space 18944K, 0% used [0x00000000eab00000,0x00000000eab00000,0x00000000ebd80000)
  from space 2560K, 90% used [0x00000000ebd80000,0x00000000ebfc6008,0x00000000ec000000)
  to   space 2560K, 0% used [0x00000000ec000000,0x00000000ec000000,0x00000000ec280000)
 ParOldGen       total 537088K, used 536765K [0x00000000c0000000, 0x00000000e0c80000, 0x00000000eab00000)
  object space 537088K, 99% used [0x00000000c0000000,0x00000000e0c2f770,0x00000000e0c80000)
 Metaspace       used 61779K, committed 63104K, reserved 1114112K
  class space    used 6293K, committed 6848K, reserved 1048576K
}
Event: 110.964 GC heap before
{Heap before GC invocations=317 (full 3):
 PSYoungGen      total 21504K, used 21272K [0x00000000eab00000, 0x00000000ec280000, 0x0000000100000000)
  eden space 18944K, 100% used [0x00000000eab00000,0x00000000ebd80000,0x00000000ebd80000)
  from space 2560K, 90% used [0x00000000ebd80000,0x00000000ebfc6008,0x00000000ec000000)
  to   space 2560K, 0% used [0x00000000ec000000,0x00000000ec000000,0x00000000ec280000)
 ParOldGen       total 537088K, used 536765K [0x00000000c0000000, 0x00000000e0c80000, 0x00000000eab00000)
  object space 537088K, 99% used [0x00000000c0000000,0x00000000e0c2f770,0x00000000e0c80000)
 Metaspace       used 61779K, committed 63104K, reserved 1114112K
  class space    used 6293K, committed 6848K, reserved 1048576K
}
Event: 111.001 GC heap after
{Heap after GC invocations=317 (full 3):
 PSYoungGen      total 21504K, used 2304K [0x00000000eab00000, 0x00000000ec280000, 0x0000000100000000)
  eden space 18944K, 0% used [0x00000000eab00000,0x00000000eab00000,0x00000000ebd80000)
  from space 2560K, 90% used [0x00000000ec000000,0x00000000ec240000,0x00000000ec280000)
  to   space 2560K, 0% used [0x00000000ebd80000,0x00000000ebd80000,0x00000000ec000000)
 ParOldGen       total 539136K, used 538915K [0x00000000c0000000, 0x00000000e0e80000, 0x00000000eab00000)
  object space 539136K, 99% used [0x00000000c0000000,0x00000000e0e48d88,0x00000000e0e80000)
 Metaspace       used 61779K, committed 63104K, reserved 1114112K
  class space    used 6293K, committed 6848K, reserved 1048576K
}
Event: 111.478 GC heap before
{Heap before GC invocations=318 (full 3):
 PSYoungGen      total 21504K, used 21248K [0x00000000eab00000, 0x00000000ec280000, 0x0000000100000000)
  eden space 18944K, 100% used [0x00000000eab00000,0x00000000ebd80000,0x00000000ebd80000)
  from space 2560K, 90% used [0x00000000ec000000,0x00000000ec240000,0x00000000ec280000)
  to   space 2560K, 0% used [0x00000000ebd80000,0x00000000ebd80000,0x00000000ec000000)
 ParOldGen       total 539136K, used 538915K [0x00000000c0000000, 0x00000000e0e80000, 0x00000000eab00000)
  object space 539136K, 99% used [0x00000000c0000000,0x00000000e0e48d88,0x00000000e0e80000)
 Metaspace       used 61869K, committed 63232K, reserved 1114112K
  class space    used 6304K, committed 6848K, reserved 1048576K
}
Event: 111.561 GC heap after
{Heap after GC invocations=318 (full 3):
 PSYoungGen      total 21504K, used 2546K [0x00000000eab00000, 0x00000000ed580000, 0x0000000100000000)
  eden space 18944K, 0% used [0x00000000eab00000,0x00000000eab00000,0x00000000ebd80000)
  from space 2560K, 99% used [0x00000000ebd80000,0x00000000ebffc808,0x00000000ec000000)
  to   space 12288K, 0% used [0x00000000ec980000,0x00000000ec980000,0x00000000ed580000)
 ParOldGen       total 547328K, used 546939K [0x00000000c0000000, 0x00000000e1680000, 0x00000000eab00000)
  object space 547328K, 99% used [0x00000000c0000000,0x00000000e161efb8,0x00000000e1680000)
 Metaspace       used 61869K, committed 63232K, reserved 1114112K
  class space    used 6304K, committed 6848K, reserved 1048576K
}
Event: 111.934 GC heap before
{Heap before GC invocations=319 (full 3):
 PSYoungGen      total 21504K, used 21490K [0x00000000eab00000, 0x00000000ed580000, 0x0000000100000000)
  eden space 18944K, 100% used [0x00000000eab00000,0x00000000ebd80000,0x00000000ebd80000)
  from space 2560K, 99% used [0x00000000ebd80000,0x00000000ebffc808,0x00000000ec000000)
  to   space 12288K, 0% used [0x00000000ec980000,0x00000000ec980000,0x00000000ed580000)
 ParOldGen       total 547328K, used 546939K [0x00000000c0000000, 0x00000000e1680000, 0x00000000eab00000)
  object space 547328K, 99% used [0x00000000c0000000,0x00000000e161efb8,0x00000000e1680000)
 Metaspace       used 61910K, committed 63232K, reserved 1114112K
  class space    used 6304K, committed 6848K, reserved 1048576K
}
Event: 111.994 GC heap after
{Heap after GC invocations=319 (full 3):
 PSYoungGen      total 23552K, used 4519K [0x00000000eab00000, 0x00000000ece00000, 0x0000000100000000)
  eden space 18944K, 0% used [0x00000000eab00000,0x00000000eab00000,0x00000000ebd80000)
  from space 4608K, 98% used [0x00000000ec980000,0x00000000ecde9ef8,0x00000000ece00000)
  to   space 7168K, 0% used [0x00000000ec000000,0x00000000ec000000,0x00000000ec700000)
 ParOldGen       total 547328K, used 546979K [0x00000000c0000000, 0x00000000e1680000, 0x00000000eab00000)
  object space 547328K, 99% used [0x00000000c0000000,0x00000000e1628fb8,0x00000000e1680000)
 Metaspace       used 61910K, committed 63232K, reserved 1114112K
  class space    used 6304K, committed 6848K, reserved 1048576K
}
Event: 112.221 GC heap before
{Heap before GC invocations=320 (full 3):
 PSYoungGen      total 23552K, used 23463K [0x00000000eab00000, 0x00000000ece00000, 0x0000000100000000)
  eden space 18944K, 100% used [0x00000000eab00000,0x00000000ebd80000,0x00000000ebd80000)
  from space 4608K, 98% used [0x00000000ec980000,0x00000000ecde9ef8,0x00000000ece00000)
  to   space 7168K, 0% used [0x00000000ec000000,0x00000000ec000000,0x00000000ec700000)
 ParOldGen       total 547328K, used 546979K [0x00000000c0000000, 0x00000000e1680000, 0x00000000eab00000)
  object space 547328K, 99% used [0x00000000c0000000,0x00000000e1628fb8,0x00000000e1680000)
 Metaspace       used 61911K, committed 63232K, reserved 1114112K
  class space    used 6304K, committed 6848K, reserved 1048576K
}
Event: 112.282 GC heap after
{Heap after GC invocations=320 (full 3):
 PSYoungGen      total 24576K, used 5576K [0x00000000eab00000, 0x00000000eca00000, 0x0000000100000000)
  eden space 18944K, 0% used [0x00000000eab00000,0x00000000eab00000,0x00000000ebd80000)
  from space 5632K, 99% used [0x00000000ec000000,0x00000000ec572268,0x00000000ec580000)
  to   space 4608K, 0% used [0x00000000ec580000,0x00000000ec580000,0x00000000eca00000)
 ParOldGen       total 551424K, used 551247K [0x00000000c0000000, 0x00000000e1a80000, 0x00000000eab00000)
  object space 551424K, 99% used [0x00000000c0000000,0x00000000e1a53e08,0x00000000e1a80000)
 Metaspace       used 61911K, committed 63232K, reserved 1114112K
  class space    used 6304K, committed 6848K, reserved 1048576K
}
Event: 112.635 GC heap before
{Heap before GC invocations=321 (full 3):
 PSYoungGen      total 24576K, used 24520K [0x00000000eab00000, 0x00000000eca00000, 0x0000000100000000)
  eden space 18944K, 100% used [0x00000000eab00000,0x00000000ebd80000,0x00000000ebd80000)
  from space 5632K, 99% used [0x00000000ec000000,0x00000000ec572268,0x00000000ec580000)
  to   space 4608K, 0% used [0x00000000ec580000,0x00000000ec580000,0x00000000eca00000)
 ParOldGen       total 551424K, used 551247K [0x00000000c0000000, 0x00000000e1a80000, 0x00000000eab00000)
  object space 551424K, 99% used [0x00000000c0000000,0x00000000e1a53e08,0x00000000e1a80000)
 Metaspace       used 61921K, committed 63232K, reserved 1114112K
  class space    used 6307K, committed 6848K, reserved 1048576K
}
Event: 112.762 GC heap after
{Heap after GC invocations=321 (full 3):
 PSYoungGen      total 16896K, used 4585K [0x00000000eab00000, 0x00000000eda80000, 0x0000000100000000)
  eden space 12288K, 0% used [0x00000000eab00000,0x00000000eab00000,0x00000000eb700000)
  from space 4608K, 99% used [0x00000000ec580000,0x00000000ec9fa738,0x00000000eca00000)
  to   space 14848K, 0% used [0x00000000eb700000,0x00000000eb700000,0x00000000ec580000)
 ParOldGen       total 560128K, used 559964K [0x00000000c0000000, 0x00000000e2300000, 0x00000000eab00000)
  object space 560128K, 99% used [0x00000000c0000000,0x00000000e22d7240,0x00000000e2300000)
 Metaspace       used 61921K, committed 63232K, reserved 1114112K
  class space    used 6307K, committed 6848K, reserved 1048576K
}

Dll operation events (9 events):
Event: 0.036 Loaded shared library /home/viniciusnogueira/.vscode/extensions/redhat.java-1.39.0-linux-x64/jre/21.0.5-linux-x86_64/lib/libjava.so
Event: 2.134 Loaded shared library /home/viniciusnogueira/.vscode/extensions/redhat.java-1.39.0-linux-x64/jre/21.0.5-linux-x86_64/lib/libzip.so
Event: 2.559 Loaded shared library /home/viniciusnogueira/.vscode/extensions/redhat.java-1.39.0-linux-x64/jre/21.0.5-linux-x86_64/lib/libinstrument.so
Event: 2.577 Loaded shared library /home/viniciusnogueira/.vscode/extensions/redhat.java-1.39.0-linux-x64/jre/21.0.5-linux-x86_64/lib/libnio.so
Event: 2.601 Loaded shared library /home/viniciusnogueira/.vscode/extensions/redhat.java-1.39.0-linux-x64/jre/21.0.5-linux-x86_64/lib/libzip.so
Event: 3.112 Loaded shared library /home/viniciusnogueira/.vscode/extensions/redhat.java-1.39.0-linux-x64/jre/21.0.5-linux-x86_64/lib/libjimage.so
Event: 4.027 Loaded shared library /home/viniciusnogueira/.vscode/extensions/redhat.java-1.39.0-linux-x64/jre/21.0.5-linux-x86_64/lib/libverify.so
Event: 7.045 Loaded shared library /home/viniciusnogueira/.vscode/extensions/redhat.java-1.39.0-linux-x64/jre/21.0.5-linux-x86_64/lib/libnet.so
Event: 9.022 Loading shared library /home/viniciusnogueira/.config/Code/User/globalStorage/redhat.java/1.39.0/config_linux/org.eclipse.equinox.launcher/org.eclipse.equinox.launcher.gtk.linux.x86_64_1.2.1300.v20241223-1657/eclipse_11906.so failed, /lib/x86_64-linux-gnu

Deoptimization events (20 events):
Event: 112.545 Thread 0x00007f8a9403a140 DEOPT PACKING pc=0x00007f8b1dc5023c sp=0x00007f8b141ea3e0
Event: 112.545 Thread 0x00007f8a9403a140 DEOPT UNPACKING pc=0x00007f8b1d18b393 sp=0x00007f8b141ea3a0 mode 2
Event: 112.552 Thread 0x00007f8a9403a140 Uncommon trap: trap_request=0xffffff45 fr.pc=0x00007f8b1dc4d010 relative=0x0000000000000530
Event: 112.552 Thread 0x00007f8a9403a140 Uncommon trap: reason=unstable_if action=reinterpret pc=0x00007f8b1dc4d010 method=org.eclipse.jdt.internal.core.index.DiskIndex.readStreamChars(Ljava/io/InputStream;)[C @ 1 c2
Event: 112.552 Thread 0x00007f8a9403a140 DEOPT PACKING pc=0x00007f8b1dc4d010 sp=0x00007f8b141ea070
Event: 112.552 Thread 0x00007f8a9403a140 DEOPT UNPACKING pc=0x00007f8b1d18b393 sp=0x00007f8b141e9ff8 mode 2
Event: 112.553 Thread 0x00007f8a9403a140 Uncommon trap: trap_request=0xffffff45 fr.pc=0x00007f8b1dc4f95c relative=0x00000000000004fc
Event: 112.553 Thread 0x00007f8a9403a140 Uncommon trap: reason=unstable_if action=reinterpret pc=0x00007f8b1dc4f95c method=org.eclipse.jdt.internal.core.index.DiskIndex.addQueryResult(Lorg/eclipse/jdt/internal/compiler/util/HashtableOfObject;[CLjava/lang/Object;Lorg/eclipse/jdt/internal/core/ind
Event: 112.553 Thread 0x00007f8a9403a140 DEOPT PACKING pc=0x00007f8b1dc4f95c sp=0x00007f8b141ea470
Event: 112.553 Thread 0x00007f8a9403a140 DEOPT UNPACKING pc=0x00007f8b1d18b393 sp=0x00007f8b141ea410 mode 2
Event: 112.553 Thread 0x00007f8a9403a140 Uncommon trap: trap_request=0xffffff45 fr.pc=0x00007f8b1dc55638 relative=0x0000000000000d18
Event: 112.553 Thread 0x00007f8a9403a140 Uncommon trap: reason=unstable_if action=reinterpret pc=0x00007f8b1dc55638 method=org.eclipse.jdt.internal.core.index.DiskIndex.addQueryResult(Lorg/eclipse/jdt/internal/compiler/util/HashtableOfObject;[CLjava/lang/Object;Lorg/eclipse/jdt/internal/core/ind
Event: 112.553 Thread 0x00007f8a9403a140 DEOPT PACKING pc=0x00007f8b1dc55638 sp=0x00007f8b141ea530
Event: 112.553 Thread 0x00007f8a9403a140 DEOPT UNPACKING pc=0x00007f8b1d18b393 sp=0x00007f8b141ea418 mode 2
Event: 112.873 Thread 0x00007f8a98071690 DEOPT PACKING pc=0x00007f8b171f176c sp=0x00007f8ace745da0
Event: 112.873 Thread 0x00007f8a98071690 DEOPT UNPACKING pc=0x00007f8b1d18bb10 sp=0x00007f8ace745370 mode 0
Event: 112.902 Thread 0x00007f8a98071690 DEOPT PACKING pc=0x00007f8b171f176c sp=0x00007f8ace745da0
Event: 112.902 Thread 0x00007f8a98071690 DEOPT UNPACKING pc=0x00007f8b1d18bb10 sp=0x00007f8ace745370 mode 0
Event: 112.917 Thread 0x00007f8a98071690 DEOPT PACKING pc=0x00007f8b171f176c sp=0x00007f8ace745da0
Event: 112.917 Thread 0x00007f8a98071690 DEOPT UNPACKING pc=0x00007f8b1d18bb10 sp=0x00007f8ace745370 mode 0

Classes loaded (20 events):
Event: 52.380 Loading class sun/nio/fs/UnixFileSystem$3
Event: 52.380 Loading class java/nio/file/PathMatcher
Event: 52.380 Loading class java/nio/file/PathMatcher done
Event: 52.380 Loading class sun/nio/fs/UnixFileSystem$3 done
Event: 53.758 Loading class java/util/Collections$SynchronizedRandomAccessList
Event: 53.758 Loading class java/util/Collections$SynchronizedList
Event: 53.759 Loading class java/util/Collections$SynchronizedList done
Event: 53.759 Loading class java/util/Collections$SynchronizedRandomAccessList done
Event: 53.806 Loading class java/util/concurrent/CompletableFuture$Signaller
Event: 53.809 Loading class java/util/concurrent/CompletableFuture$Signaller done
Event: 54.780 Loading class java/util/concurrent/CompletableFuture$UniApply
Event: 54.781 Loading class java/util/concurrent/CompletableFuture$UniApply done
Event: 54.808 Loading class java/util/concurrent/CompletableFuture$UniExceptionally
Event: 54.808 Loading class java/util/concurrent/CompletableFuture$UniExceptionally done
Event: 54.880 Loading class java/util/Hashtable$KeySet
Event: 54.897 Loading class java/util/Hashtable$KeySet done
Event: 56.454 Loading class java/lang/invoke/MethodHandleImpl$CountingWrapper$1
Event: 56.454 Loading class java/lang/invoke/MethodHandleImpl$CountingWrapper$1 done
Event: 79.419 Loading class sun/nio/fs/UnixFileSystem$Flags
Event: 79.419 Loading class sun/nio/fs/UnixFileSystem$Flags done

Classes unloaded (8 events):
Event: 16.549 Thread 0x00007f8b280a50c0 Unloading class 0x00007f8ad019b400 'java/lang/invoke/LambdaForm$MH+0x00007f8ad019b400'
Event: 16.549 Thread 0x00007f8b280a50c0 Unloading class 0x00007f8ad019b000 'java/lang/invoke/LambdaForm$MH+0x00007f8ad019b000'
Event: 16.549 Thread 0x00007f8b280a50c0 Unloading class 0x00007f8ad019ac00 'java/lang/invoke/LambdaForm$MH+0x00007f8ad019ac00'
Event: 16.549 Thread 0x00007f8b280a50c0 Unloading class 0x00007f8ad019a800 'java/lang/invoke/LambdaForm$MH+0x00007f8ad019a800'
Event: 16.549 Thread 0x00007f8b280a50c0 Unloading class 0x00007f8ad019a400 'java/lang/invoke/LambdaForm$BMH+0x00007f8ad019a400'
Event: 16.549 Thread 0x00007f8b280a50c0 Unloading class 0x00007f8ad019a000 'java/lang/invoke/LambdaForm$DMH+0x00007f8ad019a000'
Event: 16.549 Thread 0x00007f8b280a50c0 Unloading class 0x00007f8ad0198c00 'java/lang/invoke/LambdaForm$DMH+0x00007f8ad0198c00'
Event: 49.628 Thread 0x00007f8b280a50c0 Unloading class 0x00007f8ad067c800 'java/lang/invoke/LambdaForm$DMH+0x00007f8ad067c800'

Classes redefined (0 events):
No events

Internal exceptions (20 events):
Event: 107.938 Thread 0x00007f8a9403a140 Exception <a 'sun/nio/fs/UnixException'{0x00000000eaf2d840}> (0x00000000eaf2d840) 
thrown [src/hotspot/share/prims/jni.cpp, line 520]
Event: 108.014 Thread 0x00007f8a9403a140 Exception <a 'sun/nio/fs/UnixException'{0x00000000eb1e0b38}> (0x00000000eb1e0b38) 
thrown [src/hotspot/share/prims/jni.cpp, line 520]
Event: 108.302 Thread 0x00007f8a9403a140 Exception <a 'sun/nio/fs/UnixException'{0x00000000eab17780}> (0x00000000eab17780) 
thrown [src/hotspot/share/prims/jni.cpp, line 520]
Event: 108.344 Thread 0x00007f8a9403a140 Exception <a 'sun/nio/fs/UnixException'{0x00000000ead51748}> (0x00000000ead51748) 
thrown [src/hotspot/share/prims/jni.cpp, line 520]
Event: 108.747 Thread 0x00007f8a9403a140 Exception <a 'sun/nio/fs/UnixException'{0x00000000eb77d648}> (0x00000000eb77d648) 
thrown [src/hotspot/share/prims/jni.cpp, line 520]
Event: 108.795 Thread 0x00007f8a9403a140 Exception <a 'sun/nio/fs/UnixException'{0x00000000ebbe2568}> (0x00000000ebbe2568) 
thrown [src/hotspot/share/prims/jni.cpp, line 520]
Event: 108.811 Thread 0x00007f8a9403a140 Exception <a 'sun/nio/fs/UnixException'{0x00000000ebc80260}> (0x00000000ebc80260) 
thrown [src/hotspot/share/prims/jni.cpp, line 520]
Event: 108.851 Thread 0x00007f8a9403a140 Exception <a 'sun/nio/fs/UnixException'{0x00000000eac8c008}> (0x00000000eac8c008) 
thrown [src/hotspot/share/prims/jni.cpp, line 520]
Event: 108.864 Thread 0x00007f8a9403a140 Exception <a 'sun/nio/fs/UnixException'{0x00000000ead882d8}> (0x00000000ead882d8) 
thrown [src/hotspot/share/prims/jni.cpp, line 520]
Event: 108.871 Thread 0x00007f8a9403a140 Exception <a 'sun/nio/fs/UnixException'{0x00000000eadc4950}> (0x00000000eadc4950) 
thrown [src/hotspot/share/prims/jni.cpp, line 520]
Event: 108.929 Thread 0x00007f8a9403a140 Exception <a 'sun/nio/fs/UnixException'{0x00000000eb823dd0}> (0x00000000eb823dd0) 
thrown [src/hotspot/share/prims/jni.cpp, line 520]
Event: 109.408 Thread 0x00007f8a9403a140 Exception <a 'sun/nio/fs/UnixException'{0x00000000eb4500e8}> (0x00000000eb4500e8) 
thrown [src/hotspot/share/prims/jni.cpp, line 520]
Event: 109.816 Thread 0x00007f8a9403a140 Exception <a 'sun/nio/fs/UnixException'{0x00000000eb03db20}> (0x00000000eb03db20) 
thrown [src/hotspot/share/prims/jni.cpp, line 520]
Event: 109.879 Thread 0x00007f8a9403a140 Exception <a 'sun/nio/fs/UnixException'{0x00000000eb79a460}> (0x00000000eb79a460) 
thrown [src/hotspot/share/prims/jni.cpp, line 520]
Event: 109.966 Thread 0x00007f8a9403a140 Exception <a 'sun/nio/fs/UnixException'{0x00000000eaf35908}> (0x00000000eaf35908) 
thrown [src/hotspot/share/prims/jni.cpp, line 520]
Event: 109.984 Thread 0x00007f8a9403a140 Exception <a 'sun/nio/fs/UnixException'{0x00000000eb0b5ba0}> (0x00000000eb0b5ba0) 
thrown [src/hotspot/share/prims/jni.cpp, line 520]
Event: 110.469 Thread 0x00007f8a9403a140 Exception <a 'sun/nio/fs/UnixException'{0x00000000eb7d32c0}> (0x00000000eb7d32c0) 
thrown [src/hotspot/share/prims/jni.cpp, line 520]
Event: 111.152 Thread 0x00007f8a9403a140 Exception <a 'sun/nio/fs/UnixException'{0x00000000eae833b0}> (0x00000000eae833b0) 
thrown [src/hotspot/share/prims/jni.cpp, line 520]
Event: 111.219 Thread 0x00007f8a9403a140 Implicit null exception at 0x00007f8b1db49588 to 0x00007f8b1db4a4d8
Event: 111.224 Thread 0x00007f8a9403a140 Implicit null exception at 0x00007f8b1db22cb1 to 0x00007f8b1db244d4

ZGC Phase Switch (0 events):
No events

VM Operations (20 events):
Event: 110.827 Executing VM operation: ParallelGCFailedAllocation (Allocation Failure)
Event: 110.844 Executing VM operation: ParallelGCFailedAllocation (Allocation Failure) done
Event: 110.964 Executing VM operation: ParallelGCFailedAllocation (Allocation Failure)
Event: 111.012 Executing VM operation: ParallelGCFailedAllocation (Allocation Failure) done
Event: 111.478 Executing VM operation: ParallelGCFailedAllocation (Allocation Failure)
Event: 111.561 Executing VM operation: ParallelGCFailedAllocation (Allocation Failure) done
Event: 111.934 Executing VM operation: ParallelGCFailedAllocation (Allocation Failure)
Event: 111.995 Executing VM operation: ParallelGCFailedAllocation (Allocation Failure) done
Event: 112.221 Executing VM operation: ParallelGCFailedAllocation (Allocation Failure)
Event: 112.283 Executing VM operation: ParallelGCFailedAllocation (Allocation Failure) done
Event: 112.635 Executing VM operation: ParallelGCFailedAllocation (Allocation Failure)
Event: 112.762 Executing VM operation: ParallelGCFailedAllocation (Allocation Failure) done
Event: 120.207 Executing VM operation: HandshakeAllThreads (HandshakeForDeflation)
Event: 120.207 Executing VM operation: HandshakeAllThreads (HandshakeForDeflation) done
Event: 120.207 Executing VM operation: RendezvousGCThreads
Event: 120.207 Executing VM operation: RendezvousGCThreads done
Event: 180.459 Executing VM operation: HandshakeAllThreads (HandshakeForDeflation)
Event: 180.459 Executing VM operation: HandshakeAllThreads (HandshakeForDeflation) done
Event: 180.459 Executing VM operation: RendezvousGCThreads
Event: 180.459 Executing VM operation: RendezvousGCThreads done

Memory protections (20 events):
Event: 27.802 Protecting memory [0x00007f8ace748000,0x00007f8ace74c000] with protection modes 0
Event: 32.686 Protecting memory [0x00007f8ace647000,0x00007f8ace64b000] with protection modes 0
Event: 33.578 Protecting memory [0x00007f8ace546000,0x00007f8ace54a000] with protection modes 0
Event: 45.340 Protecting memory [0x00007f8ace445000,0x00007f8ace449000] with protection modes 0
Event: 45.345 Protecting memory [0x00007f8ace243000,0x00007f8ace247000] with protection modes 0
Event: 45.346 Protecting memory [0x00007f8ace344000,0x00007f8ace348000] with protection modes 0
Event: 45.347 Protecting memory [0x00007f8ace142000,0x00007f8ace146000] with protection modes 0
Event: 45.453 Protecting memory [0x00007f8ace041000,0x00007f8ace045000] with protection modes 0
Event: 50.641 Protecting memory [0x00007f8ace142000,0x00007f8ace146000] with protection modes 0
Event: 50.651 Protecting memory [0x00007f8ace041000,0x00007f8ace045000] with protection modes 0
Event: 50.652 Protecting memory [0x00007f8ace344000,0x00007f8ace348000] with protection modes 0
Event: 50.659 Protecting memory [0x00007f8ace445000,0x00007f8ace449000] with protection modes 0
Event: 50.672 Protecting memory [0x00007f8ace243000,0x00007f8ace247000] with protection modes 0
Event: 54.809 Protecting memory [0x00007f8ace041000,0x00007f8ace045000] with protection modes 0
Event: 54.852 Protecting memory [0x00007f8ace142000,0x00007f8ace146000] with protection modes 0
Event: 54.952 Protecting memory [0x00007f8ace041000,0x00007f8ace045000] with protection modes 0
Event: 55.408 Protecting memory [0x00007f8ace142000,0x00007f8ace146000] with protection modes 0
Event: 55.626 Protecting memory [0x00007f8ace243000,0x00007f8ace247000] with protection modes 0
Event: 64.440 Protecting memory [0x00007f8ace142000,0x00007f8ace146000] with protection modes 0
Event: 112.583 Protecting memory [0x00007f8ace647000,0x00007f8ace64b000] with protection modes 0

Nmethod flushes (20 events):
Event: 49.671 Thread 0x00007f8b280a50c0 flushing  nmethod 0x00007f8b164aed90
Event: 49.671 Thread 0x00007f8b280a50c0 flushing  nmethod 0x00007f8b164af610
Event: 49.671 Thread 0x00007f8b280a50c0 flushing  nmethod 0x00007f8b164afb90
Event: 49.671 Thread 0x00007f8b280a50c0 flushing  nmethod 0x00007f8b164aff90
Event: 49.671 Thread 0x00007f8b280a50c0 flushing  nmethod 0x00007f8b164b1110
Event: 49.671 Thread 0x00007f8b280a50c0 flushing  nmethod 0x00007f8b164b1710
Event: 49.671 Thread 0x00007f8b280a50c0 flushing  nmethod 0x00007f8b164b1c90
Event: 49.671 Thread 0x00007f8b280a50c0 flushing  nmethod 0x00007f8b164b2210
Event: 49.671 Thread 0x00007f8b280a50c0 flushing  nmethod 0x00007f8b164b3110
Event: 49.671 Thread 0x00007f8b280a50c0 flushing  nmethod 0x00007f8b164b3990
Event: 49.671 Thread 0x00007f8b280a50c0 flushing  nmethod 0x00007f8b164b3d10
Event: 49.671 Thread 0x00007f8b280a50c0 flushing  nmethod 0x00007f8b164b5f10
Event: 49.671 Thread 0x00007f8b280a50c0 flushing  nmethod 0x00007f8b164ba290
Event: 49.671 Thread 0x00007f8b280a50c0 flushing  nmethod 0x00007f8b164baa10
Event: 49.671 Thread 0x00007f8b280a50c0 flushing  nmethod 0x00007f8b164bcb90
Event: 49.671 Thread 0x00007f8b280a50c0 flushing  nmethod 0x00007f8b164c4410
Event: 49.671 Thread 0x00007f8b280a50c0 flushing  nmethod 0x00007f8b164d3a10
Event: 49.671 Thread 0x00007f8b280a50c0 flushing  nmethod 0x00007f8b164e0310
Event: 49.671 Thread 0x00007f8b280a50c0 flushing  nmethod 0x00007f8b164e7090
Event: 49.671 Thread 0x00007f8b280a50c0 flushing  nmethod 0x00007f8b16514090

Events (20 events):
Event: 54.851 Thread 0x00007f8b284da880 Thread added: 0x0000556f96c27850
Event: 54.911 Thread 0x0000556f96c27850 Thread exited: 0x0000556f96c27850
Event: 54.913 Thread 0x0000556f96c26d90 Thread exited: 0x0000556f96c26d90
Event: 54.952 Thread 0x00007f8b284da880 Thread added: 0x0000556f96c27830
Event: 55.407 Thread 0x00007f8aac0dabc0 Thread added: 0x00007f8b100ab9b0
Event: 55.626 Thread 0x00007f8b284da880 Thread added: 0x0000556f96c26d90
Event: 55.793 Thread 0x0000556f96c26d90 Thread exited: 0x0000556f96c26d90
Event: 59.254 Thread 0x0000556f96c27830 Thread exited: 0x0000556f96c27830
Event: 60.487 Thread 0x00007f8b100ab9b0 Thread exited: 0x00007f8b100ab9b0
Event: 64.440 Thread 0x00007f8b280b1490 Thread added: 0x00007f8ab84d0680
Event: 87.202 Thread 0x00007f8ab00026c0 Thread exited: 0x00007f8ab00026c0
Event: 96.839 Thread 0x00007f8aac334540 Thread exited: 0x00007f8aac334540
Event: 97.296 Thread 0x00007f8aac48ba30 Thread exited: 0x00007f8aac48ba30
Event: 112.583 Thread 0x00007f8abc024630 Thread added: 0x00007f8a98071690
Event: 156.838 Thread 0x00007f8a940f4c10 Thread exited: 0x00007f8a940f4c10
Event: 170.472 Thread 0x00007f8aac0dabc0 Thread exited: 0x00007f8aac0dabc0
Event: 170.472 Thread 0x00007f8ac0001810 Thread exited: 0x00007f8ac0001810
Event: 171.158 Thread 0x00007f8a942383e0 Thread exited: 0x00007f8a942383e0
Event: 172.564 Thread 0x00007f8aac009c50 Thread exited: 0x00007f8aac009c50
Event: 172.936 Thread 0x00007f8a98071690 Thread exited: 0x00007f8a98071690


Dynamic libraries:
c0000000-e2300000 rw-p 00000000 00:00 0 
e2300000-eab00000 ---p 00000000 00:00 0 
eab00000-eda80000 rw-p 00000000 00:00 0 
eda80000-100000000 ---p 00000000 00:00 0 
556f7aea0000-556f7aea1000 r-xp 00000000 00:2c 1594837                    /home/viniciusnogueira/.vscode/extensions/redhat.java-1.39.0-linux-x64/jre/21.0.5-linux-x86_64/bin/java
556f7aea2000-556f7aea3000 r--p 00001000 00:2c 1594837                    /home/viniciusnogueira/.vscode/extensions/redhat.java-1.39.0-linux-x64/jre/21.0.5-linux-x86_64/bin/java
556f7aea3000-556f7aea4000 rw-p 00002000 00:2c 1594837                    /home/viniciusnogueira/.vscode/extensions/redhat.java-1.39.0-linux-x64/jre/21.0.5-linux-x86_64/bin/java
556f96b71000-556f96c7e000 rw-p 00000000 00:00 0                          [heap]
7f8a8b800000-7f8a93f59000 r--s 00000000 00:2c 601348                     /opt/jdk-21.0.4+7/lib/modules
7f8a94000000-7f8a94b58000 rw-p 00000000 00:00 0 
7f8a94b58000-7f8a98000000 ---p 00000000 00:00 0 
7f8a98000000-7f8a9807e000 rw-p 00000000 00:00 0 
7f8a9807e000-7f8a9c000000 ---p 00000000 00:00 0 
7f8a9c000000-7f8a9c06c000 rw-p 00000000 00:00 0 
7f8a9c06c000-7f8aa0000000 ---p 00000000 00:00 0 
7f8aa0000000-7f8aa0021000 rw-p 00000000 00:00 0 
7f8aa0021000-7f8aa4000000 ---p 00000000 00:00 0 
7f8aa4000000-7f8aa6eda000 rw-p 00000000 00:00 0 
7f8aa6eda000-7f8aa8000000 ---p 00000000 00:00 0 
7f8aa8000000-7f8aa90d2000 rw-p 00000000 00:00 0 
7f8aa90d2000-7f8aac000000 ---p 00000000 00:00 0 
7f8aac000000-7f8aac57a000 rw-p 00000000 00:00 0 
7f8aac57a000-7f8ab0000000 ---p 00000000 00:00 0 
7f8ab0000000-7f8ab01a1000 rw-p 00000000 00:00 0 
7f8ab01a1000-7f8ab4000000 ---p 00000000 00:00 0 
7f8ab4000000-7f8ab4131000 rw-p 00000000 00:00 0 
7f8ab4131000-7f8ab8000000 ---p 00000000 00:00 0 
7f8ab8000000-7f8ab8681000 rw-p 00000000 00:00 0 
7f8ab8681000-7f8abc000000 ---p 00000000 00:00 0 
7f8abc000000-7f8abc042000 rw-p 00000000 00:00 0 
7f8abc042000-7f8ac0000000 ---p 00000000 00:00 0 
7f8ac0000000-7f8ac0021000 rw-p 00000000 00:00 0 
7f8ac0021000-7f8ac4000000 ---p 00000000 00:00 0 
7f8ac4000000-7f8ac43f0000 rw-p 00000000 00:00 0 
7f8ac43f0000-7f8ac47d0000 rw-p 00000000 00:00 0 
7f8ac47d0000-7f8ac48f0000 rw-p 00000000 00:00 0 
7f8ac48f0000-7f8ac4af0000 rw-p 00000000 00:00 0 
7f8ac4af0000-7f8ac4bf0000 rw-p 00000000 00:00 0 
7f8ac4bf0000-7f8ac5170000 rw-p 00000000 00:00 0 
7f8ac5170000-7f8ac51f0000 rw-p 00000000 00:00 0 
7f8ac51f0000-7f8ac52f0000 rw-p 00000000 00:00 0 
7f8ac52f0000-7f8ac53f0000 rw-p 00000000 00:00 0 
7f8ac53f0000-7f8ac5bf0000 rw-p 00000000 00:00 0 
7f8ac5bf0000-7f8ac5cf0000 rw-p 00000000 00:00 0 
7f8ac5cf0000-7f8ac5df0000 rw-p 00000000 00:00 0 
7f8ac5df0000-7f8ac62f0000 rw-p 00000000 00:00 0 
7f8ac62f0000-7f8ac63f0000 rw-p 00000000 00:00 0 
7f8ac63f0000-7f8ac72f0000 rw-p 00000000 00:00 0 
7f8ac72f0000-7f8ac7380000 rw-p 00000000 00:00 0 
7f8ac7380000-7f8ac7400000 ---p 00000000 00:00 0 
7f8ac7400000-7f8ac77a0000 rw-p 00000000 00:00 0 
7f8ac77a0000-7f8ac8000000 ---p 00000000 00:00 0 
7f8ac8000000-7f8ac818c000 rw-p 00000000 00:00 0 
7f8ac818c000-7f8acc000000 ---p 00000000 00:00 0 
7f8acdd61000-7f8ace041000 rw-p 00000000 00:00 0 
7f8ace041000-7f8ace045000 ---p 00000000 00:00 0 
7f8ace045000-7f8ace142000 rw-p 00000000 00:00 0 
7f8ace142000-7f8ace146000 ---p 00000000 00:00 0 
7f8ace146000-7f8ace243000 rw-p 00000000 00:00 0 
7f8ace243000-7f8ace247000 ---p 00000000 00:00 0 
7f8ace247000-7f8ace344000 rw-p 00000000 00:00 0 
7f8ace344000-7f8ace348000 ---p 00000000 00:00 0 
7f8ace348000-7f8ace445000 rw-p 00000000 00:00 0 
7f8ace445000-7f8ace449000 ---p 00000000 00:00 0 
7f8ace449000-7f8ace546000 rw-p 00000000 00:00 0 
7f8ace546000-7f8ace54a000 ---p 00000000 00:00 0 
7f8ace54a000-7f8ace647000 rw-p 00000000 00:00 0 
7f8ace647000-7f8ace64b000 ---p 00000000 00:00 0 
7f8ace64b000-7f8ace748000 rw-p 00000000 00:00 0 
7f8ace748000-7f8ace74c000 ---p 00000000 00:00 0 
7f8ace74c000-7f8ace849000 rw-p 00000000 00:00 0 
7f8ace849000-7f8ace84d000 ---p 00000000 00:00 0 
7f8ace84d000-7f8ace94a000 rw-p 00000000 00:00 0 
7f8ace94a000-7f8ace94e000 ---p 00000000 00:00 0 
7f8ace94e000-7f8acea4b000 rw-p 00000000 00:00 0 
7f8acea4b000-7f8acea4f000 ---p 00000000 00:00 0 
7f8acea4f000-7f8aceb4c000 rw-p 00000000 00:00 0 
7f8acebfc000-7f8acec00000 ---p 00000000 00:00 0 
7f8acec00000-7f8acecfd000 rw-p 00000000 00:00 0 
7f8acecfd000-7f8aced01000 ---p 00000000 00:00 0 
7f8aced01000-7f8acedfe000 rw-p 00000000 00:00 0 
7f8acedfe000-7f8acee02000 ---p 00000000 00:00 0 
7f8acee02000-7f8aceeff000 rw-p 00000000 00:00 0 
7f8aceeff000-7f8acef03000 ---p 00000000 00:00 0 
7f8acef03000-7f8acf000000 rw-p 00000000 00:00 0 
7f8acf000000-7f8acfbb8000 rw-p 00001000 00:2c 1595942                    /home/viniciusnogueira/.vscode/extensions/redhat.java-1.39.0-linux-x64/jre/21.0.5-linux-x86_64/lib/server/classes.jsa
7f8acfbb8000-7f8ad0000000 ---p 00000000 00:00 0 
7f8ad0000000-7f8ad0030000 rw-p 00000000 00:00 0 
7f8ad0030000-7f8ad00b0000 rw-p 00000000 00:00 0 
7f8ad00b0000-7f8ad00f0000 rw-p 00000000 00:00 0 
7f8ad00f0000-7f8ad0230000 rw-p 00000000 00:00 0 
7f8ad0230000-7f8ad0270000 rw-p 00000000 00:00 0 
7f8ad0270000-7f8ad0550000 rw-p 00000000 00:00 0 
7f8ad0550000-7f8ad0580000 ---p 00000000 00:00 0 
7f8ad0580000-7f8ad06e0000 rw-p 00000000 00:00 0 
7f8ad06e0000-7f8b10000000 ---p 00000000 00:00 0 
7f8b10000000-7f8b10143000 rw-p 00000000 00:00 0 
7f8b10143000-7f8b14000000 ---p 00000000 00:00 0 
7f8b140eb000-7f8b140ef000 ---p 00000000 00:00 0 
7f8b140ef000-7f8b141ec000 rw-p 00000000 00:00 0 
7f8b141ec000-7f8b141f0000 ---p 00000000 00:00 0 
7f8b141f0000-7f8b142ed000 rw-p 00000000 00:00 0 
7f8b142ed000-7f8b142f1000 ---p 00000000 00:00 0 
7f8b142f1000-7f8b143ee000 rw-p 00000000 00:00 0 
7f8b143ee000-7f8b143f2000 ---p 00000000 00:00 0 
7f8b143f2000-7f8b144ef000 rw-p 00000000 00:00 0 
7f8b144ef000-7f8b144f3000 ---p 00000000 00:00 0 
7f8b144f3000-7f8b145f0000 rw-p 00000000 00:00 0 
7f8b145f0000-7f8b145f4000 ---p 00000000 00:00 0 
7f8b145f4000-7f8b146f1000 rw-p 00000000 00:00 0 
7f8b146f1000-7f8b146f5000 ---p 00000000 00:00 0 
7f8b146f5000-7f8b147f2000 rw-p 00000000 00:00 0 
7f8b147f2000-7f8b147f6000 ---p 00000000 00:00 0 
7f8b147f6000-7f8b148f3000 rw-p 00000000 00:00 0 
7f8b148f3000-7f8b148f7000 ---p 00000000 00:00 0 
7f8b148f7000-7f8b149f4000 rw-p 00000000 00:00 0 
7f8b149f4000-7f8b149f8000 ---p 00000000 00:00 0 
7f8b149f8000-7f8b14af5000 rw-p 00000000 00:00 0 
7f8b14af5000-7f8b14af9000 ---p 00000000 00:00 0 
7f8b14af9000-7f8b14bf6000 rw-p 00000000 00:00 0 
7f8b14bf6000-7f8b14bfa000 ---p 00000000 00:00 0 
7f8b14bfa000-7f8b14cf7000 rw-p 00000000 00:00 0 
7f8b14cf7000-7f8b14cf8000 ---p 00000000 00:00 0 
7f8b14cf8000-7f8b14df8000 rw-p 00000000 00:00 0 
7f8b14df8000-7f8b14dfc000 ---p 00000000 00:00 0 
7f8b14dfc000-7f8b14ef9000 rw-p 00000000 00:00 0 
7f8b14ef9000-7f8b14efd000 ---p 00000000 00:00 0 
7f8b14efd000-7f8b14ffa000 rw-p 00000000 00:00 0 
7f8b14ffa000-7f8b14ffe000 ---p 00000000 00:00 0 
7f8b14ffe000-7f8b150fb000 rw-p 00000000 00:00 0 
7f8b150fb000-7f8b150ff000 ---p 00000000 00:00 0 
7f8b150ff000-7f8b151fc000 rw-p 00000000 00:00 0 
7f8b151fc000-7f8b15200000 ---p 00000000 00:00 0 
7f8b15200000-7f8b152fd000 rw-p 00000000 00:00 0 
7f8b152fd000-7f8b15301000 ---p 00000000 00:00 0 
7f8b15301000-7f8b153fe000 rw-p 00000000 00:00 0 
7f8b153fe000-7f8b15402000 ---p 00000000 00:00 0 
7f8b15402000-7f8b154ff000 rw-p 00000000 00:00 0 
7f8b154ff000-7f8b15503000 ---p 00000000 00:00 0 
7f8b15503000-7f8b15600000 rw-p 00000000 00:00 0 
7f8b15600000-7f8b158e7000 r--p 00000000 00:2c 1400684                    /usr/lib/locale/locale-archive
7f8b158ed000-7f8b158fa000 r-xp 00000000 00:2c 1595314                    /home/viniciusnogueira/.vscode/extensions/redhat.java-1.39.0-linux-x64/jre/21.0.5-linux-x86_64/lib/libverify.so
7f8b158fa000-7f8b158fc000 r--p 0000c000 00:2c 1595314                    /home/viniciusnogueira/.vscode/extensions/redhat.java-1.39.0-linux-x64/jre/21.0.5-linux-x86_64/lib/libverify.so
7f8b158fc000-7f8b158fd000 rw-p 0000e000 00:2c 1595314                    /home/viniciusnogueira/.vscode/extensions/redhat.java-1.39.0-linux-x64/jre/21.0.5-linux-x86_64/lib/libverify.so
7f8b158fd000-7f8b15901000 ---p 00000000 00:00 0 
7f8b15901000-7f8b159fe000 rw-p 00000000 00:00 0 
7f8b159fe000-7f8b159ff000 ---p 00000000 00:00 0 
7f8b159ff000-7f8b15c00000 rw-p 00000000 00:00 0 
7f8b15c00000-7f8b17220000 rwxp 00000000 00:00 0 
7f8b17220000-7f8b1d138000 ---p 00000000 00:00 0 
7f8b1d138000-7f8b1d3a8000 rwxp 00000000 00:00 0 
7f8b1d3a8000-7f8b1d6c7000 ---p 00000000 00:00 0 
7f8b1d6c7000-7f8b1dc77000 rwxp 00000000 00:00 0 
7f8b1dc77000-7f8b24c00000 ---p 00000000 00:00 0 
7f8b24c00000-7f8b27ecd000 r--s 00000000 00:2c 1595316                    /home/viniciusnogueira/.vscode/extensions/redhat.java-1.39.0-linux-x64/jre/21.0.5-linux-x86_64/lib/modules
7f8b27edb000-7f8b27ee7000 r-xp 00000000 00:2c 1595306                    /home/viniciusnogueira/.vscode/extensions/redhat.java-1.39.0-linux-x64/jre/21.0.5-linux-x86_64/lib/libnet.so
7f8b27ee7000-7f8b27ee8000 r--p 0000b000 00:2c 1595306                    /home/viniciusnogueira/.vscode/extensions/redhat.java-1.39.0-linux-x64/jre/21.0.5-linux-x86_64/lib/libnet.so
7f8b27ee8000-7f8b27ee9000 rw-p 0000c000 00:2c 1595306                    /home/viniciusnogueira/.vscode/extensions/redhat.java-1.39.0-linux-x64/jre/21.0.5-linux-x86_64/lib/libnet.so
7f8b27ee9000-7f8b27efd000 r-xp 00000000 00:2c 1595307                    /home/viniciusnogueira/.vscode/extensions/redhat.java-1.39.0-linux-x64/jre/21.0.5-linux-x86_64/lib/libnio.so
7f8b27efd000-7f8b27efe000 r--p 00013000 00:2c 1595307                    /home/viniciusnogueira/.vscode/extensions/redhat.java-1.39.0-linux-x64/jre/21.0.5-linux-x86_64/lib/libnio.so
7f8b27efe000-7f8b27eff000 rw-p 00014000 00:2c 1595307                    /home/viniciusnogueira/.vscode/extensions/redhat.java-1.39.0-linux-x64/jre/21.0.5-linux-x86_64/lib/libnio.so
7f8b27eff000-7f8b28000000 rw-p 00000000 00:00 0 
7f8b28000000-7f8b284f8000 rw-p 00000000 00:00 0 
7f8b284f8000-7f8b2c000000 ---p 00000000 00:00 0 
7f8b2c005000-7f8b2c020000 r-xp 00000000 00:2c 1595315                    /home/viniciusnogueira/.vscode/extensions/redhat.java-1.39.0-linux-x64/jre/21.0.5-linux-x86_64/lib/libzip.so
7f8b2c020000-7f8b2c021000 r--p 0001a000 00:2c 1595315                    /home/viniciusnogueira/.vscode/extensions/redhat.java-1.39.0-linux-x64/jre/21.0.5-linux-x86_64/lib/libzip.so
7f8b2c021000-7f8b2c022000 rw-p 0001b000 00:2c 1595315                    /home/viniciusnogueira/.vscode/extensions/redhat.java-1.39.0-linux-x64/jre/21.0.5-linux-x86_64/lib/libzip.so
7f8b2c022000-7f8b2c426000 rw-p 00000000 00:00 0 
7f8b2c426000-7f8b2c427000 ---p 00000000 00:00 0 
7f8b2c427000-7f8b2e96a000 rw-p 00000000 00:00 0 
7f8b2e96a000-7f8b2e9ae000 ---p 00000000 00:00 0 
7f8b2e9ae000-7f8b2e9af000 ---p 00000000 00:00 0 
7f8b2e9af000-7f8b2ebc1000 rw-p 00000000 00:00 0 
7f8b2ebc1000-7f8b2ec04000 ---p 00000000 00:00 0 
7f8b2ec04000-7f8b2ec1d000 rw-p 00000000 00:00 0 
7f8b2ec1d000-7f8b2ecb0000 ---p 00000000 00:00 0 
7f8b2ecb0000-7f8b2ecbc000 rw-p 00000000 00:00 0 
7f8b2ecbc000-7f8b2ed9b000 ---p 00000000 00:00 0 
7f8b2ed9b000-7f8b2edc8000 rw-p 00000000 00:00 0 
7f8b2edc8000-7f8b2ee86000 ---p 00000000 00:00 0 
7f8b2ee86000-7f8b2ee8b000 rw-p 00000000 00:00 0 
7f8b2ee8b000-7f8b2ee92000 ---p 00000000 00:00 0 
7f8b2ee92000-7f8b2ee95000 r--p 00000000 00:2c 1353928                    /usr/lib/x86_64-linux-gnu/libnss_files-2.31.so
7f8b2ee95000-7f8b2ee9c000 r-xp 00003000 00:2c 1353928                    /usr/lib/x86_64-linux-gnu/libnss_files-2.31.so
7f8b2ee9c000-7f8b2ee9e000 r--p 0000a000 00:2c 1353928                    /usr/lib/x86_64-linux-gnu/libnss_files-2.31.so
7f8b2ee9e000-7f8b2ee9f000 r--p 0000b000 00:2c 1353928                    /usr/lib/x86_64-linux-gnu/libnss_files-2.31.so
7f8b2ee9f000-7f8b2eea0000 rw-p 0000c000 00:2c 1353928                    /usr/lib/x86_64-linux-gnu/libnss_files-2.31.so
7f8b2eea0000-7f8b2eea6000 rw-p 00000000 00:00 0 
7f8b2eea7000-7f8b2eeaf000 rw-s 00000000 00:2c 1725799                    /tmp/hsperfdata_viniciusnogueira/18515
7f8b2eeaf000-7f8b2eecf000 r-xp 00000000 00:2c 1595292                    /home/viniciusnogueira/.vscode/extensions/redhat.java-1.39.0-linux-x64/jre/21.0.5-linux-x86_64/lib/libjava.so
7f8b2eecf000-7f8b2eed0000 ---p 00020000 00:2c 1595292                    /home/viniciusnogueira/.vscode/extensions/redhat.java-1.39.0-linux-x64/jre/21.0.5-linux-x86_64/lib/libjava.so
7f8b2eed0000-7f8b2eed1000 r--p 00020000 00:2c 1595292                    /home/viniciusnogueira/.vscode/extensions/redhat.java-1.39.0-linux-x64/jre/21.0.5-linux-x86_64/lib/libjava.so
7f8b2eed1000-7f8b2eed2000 rw-p 00021000 00:2c 1595292                    /home/viniciusnogueira/.vscode/extensions/redhat.java-1.39.0-linux-x64/jre/21.0.5-linux-x86_64/lib/libjava.so
7f8b2eed2000-7f8b2eed3000 rw-p 00000000 00:00 0 
7f8b2eed3000-7f8b2eedd000 r-xp 00000000 00:2c 1595287                    /home/viniciusnogueira/.vscode/extensions/redhat.java-1.39.0-linux-x64/jre/21.0.5-linux-x86_64/lib/libinstrument.so
7f8b2eedd000-7f8b2eede000 ---p 0000a000 00:2c 1595287                    /home/viniciusnogueira/.vscode/extensions/redhat.java-1.39.0-linux-x64/jre/21.0.5-linux-x86_64/lib/libinstrument.so
7f8b2eede000-7f8b2eedf000 r--p 0000a000 00:2c 1595287                    /home/viniciusnogueira/.vscode/extensions/redhat.java-1.39.0-linux-x64/jre/21.0.5-linux-x86_64/lib/libinstrument.so
7f8b2eedf000-7f8b2eee0000 rw-p 0000b000 00:2c 1595287                    /home/viniciusnogueira/.vscode/extensions/redhat.java-1.39.0-linux-x64/jre/21.0.5-linux-x86_64/lib/libinstrument.so
7f8b2eee0000-7f8b2eefb000 r-xp 00000000 00:2c 1595296                    /home/viniciusnogueira/.vscode/extensions/redhat.java-1.39.0-linux-x64/jre/21.0.5-linux-x86_64/lib/libjimage.so
7f8b2eefb000-7f8b2eefc000 ---p 0001b000 00:2c 1595296                    /home/viniciusnogueira/.vscode/extensions/redhat.java-1.39.0-linux-x64/jre/21.0.5-linux-x86_64/lib/libjimage.so
7f8b2eefc000-7f8b2eefe000 r--p 0001b000 00:2c 1595296                    /home/viniciusnogueira/.vscode/extensions/redhat.java-1.39.0-linux-x64/jre/21.0.5-linux-x86_64/lib/libjimage.so
7f8b2eefe000-7f8b2eeff000 rw-p 0001d000 00:2c 1595296                    /home/viniciusnogueira/.vscode/extensions/redhat.java-1.39.0-linux-x64/jre/21.0.5-linux-x86_64/lib/libjimage.so
7f8b2eeff000-7f8b2ef03000 ---p 00000000 00:00 0 
7f8b2ef03000-7f8b2f000000 rw-p 00000000 00:00 0 
7f8b2f000000-7f8b30414000 r-xp 00000000 00:2c 1595944                    /home/viniciusnogueira/.vscode/extensions/redhat.java-1.39.0-linux-x64/jre/21.0.5-linux-x86_64/lib/server/libjvm.so
7f8b30414000-7f8b30415000 ---p 01414000 00:2c 1595944                    /home/viniciusnogueira/.vscode/extensions/redhat.java-1.39.0-linux-x64/jre/21.0.5-linux-x86_64/lib/server/libjvm.so
7f8b30415000-7f8b304e9000 r--p 01414000 00:2c 1595944                    /home/viniciusnogueira/.vscode/extensions/redhat.java-1.39.0-linux-x64/jre/21.0.5-linux-x86_64/lib/server/libjvm.so
7f8b304e9000-7f8b30519000 rw-p 014e8000 00:2c 1595944                    /home/viniciusnogueira/.vscode/extensions/redhat.java-1.39.0-linux-x64/jre/21.0.5-linux-x86_64/lib/server/libjvm.so
7f8b30519000-7f8b3057f000 rw-p 00000000 00:00 0 
7f8b3057f000-7f8b3058c000 r--p 00000000 00:2c 1353922                    /usr/lib/x86_64-linux-gnu/libm-2.31.so
7f8b3058c000-7f8b30626000 r-xp 0000d000 00:2c 1353922                    /usr/lib/x86_64-linux-gnu/libm-2.31.so
7f8b30626000-7f8b306c1000 r--p 000a7000 00:2c 1353922                    /usr/lib/x86_64-linux-gnu/libm-2.31.so
7f8b306c1000-7f8b306c2000 r--p 00141000 00:2c 1353922                    /usr/lib/x86_64-linux-gnu/libm-2.31.so
7f8b306c2000-7f8b306c3000 rw-p 00142000 00:2c 1353922                    /usr/lib/x86_64-linux-gnu/libm-2.31.so
7f8b306c3000-7f8b306c5000 r--p 00000000 00:2c 1353933                    /usr/lib/x86_64-linux-gnu/librt-2.31.so
7f8b306c5000-7f8b306c9000 r-xp 00002000 00:2c 1353933                    /usr/lib/x86_64-linux-gnu/librt-2.31.so
7f8b306c9000-7f8b306cb000 r--p 00006000 00:2c 1353933                    /usr/lib/x86_64-linux-gnu/librt-2.31.so
7f8b306cb000-7f8b306cc000 r--p 00007000 00:2c 1353933                    /usr/lib/x86_64-linux-gnu/librt-2.31.so
7f8b306cc000-7f8b306cd000 rw-p 00008000 00:2c 1353933                    /usr/lib/x86_64-linux-gnu/librt-2.31.so
7f8b306cd000-7f8b306cf000 rw-p 00000000 00:00 0 
7f8b306cf000-7f8b306f1000 r--p 00000000 00:2c 1353920                    /usr/lib/x86_64-linux-gnu/libc-2.31.so
7f8b306f1000-7f8b3084a000 r-xp 00022000 00:2c 1353920                    /usr/lib/x86_64-linux-gnu/libc-2.31.so
7f8b3084a000-7f8b30899000 r--p 0017b000 00:2c 1353920                    /usr/lib/x86_64-linux-gnu/libc-2.31.so
7f8b30899000-7f8b3089d000 r--p 001c9000 00:2c 1353920                    /usr/lib/x86_64-linux-gnu/libc-2.31.so
7f8b3089d000-7f8b3089f000 rw-p 001cd000 00:2c 1353920                    /usr/lib/x86_64-linux-gnu/libc-2.31.so
7f8b3089f000-7f8b308a3000 rw-p 00000000 00:00 0 
7f8b308a3000-7f8b308a4000 r--p 00000000 00:2c 1353921                    /usr/lib/x86_64-linux-gnu/libdl-2.31.so
7f8b308a4000-7f8b308a6000 r-xp 00001000 00:2c 1353921                    /usr/lib/x86_64-linux-gnu/libdl-2.31.so
7f8b308a6000-7f8b308a7000 r--p 00003000 00:2c 1353921                    /usr/lib/x86_64-linux-gnu/libdl-2.31.so
7f8b308a7000-7f8b308a8000 r--p 00003000 00:2c 1353921                    /usr/lib/x86_64-linux-gnu/libdl-2.31.so
7f8b308a8000-7f8b308a9000 rw-p 00004000 00:2c 1353921                    /usr/lib/x86_64-linux-gnu/libdl-2.31.so
7f8b308a9000-7f8b308af000 r--p 00000000 00:2c 1353931                    /usr/lib/x86_64-linux-gnu/libpthread-2.31.so
7f8b308af000-7f8b308bf000 r-xp 00006000 00:2c 1353931                    /usr/lib/x86_64-linux-gnu/libpthread-2.31.so
7f8b308bf000-7f8b308c5000 r--p 00016000 00:2c 1353931                    /usr/lib/x86_64-linux-gnu/libpthread-2.31.so
7f8b308c5000-7f8b308c6000 r--p 0001b000 00:2c 1353931                    /usr/lib/x86_64-linux-gnu/libpthread-2.31.so
7f8b308c6000-7f8b308c7000 rw-p 0001c000 00:2c 1353931                    /usr/lib/x86_64-linux-gnu/libpthread-2.31.so
7f8b308c7000-7f8b308cb000 rw-p 00000000 00:00 0 
7f8b308cb000-7f8b308d2000 r--s 00000000 00:2c 1354185                    /usr/lib/x86_64-linux-gnu/gconv/gconv-modules.cache
7f8b308d2000-7f8b308d3000 ---p 00000000 00:00 0 
7f8b308d3000-7f8b308d4000 r--p 00000000 00:00 0 
7f8b308d4000-7f8b308ed000 r-xp 00000000 00:2c 1595297                    /home/viniciusnogueira/.vscode/extensions/redhat.java-1.39.0-linux-x64/jre/21.0.5-linux-x86_64/lib/libjli.so
7f8b308ed000-7f8b308ee000 r--p 00018000 00:2c 1595297                    /home/viniciusnogueira/.vscode/extensions/redhat.java-1.39.0-linux-x64/jre/21.0.5-linux-x86_64/lib/libjli.so
7f8b308ee000-7f8b308ef000 rw-p 00019000 00:2c 1595297                    /home/viniciusnogueira/.vscode/extensions/redhat.java-1.39.0-linux-x64/jre/21.0.5-linux-x86_64/lib/libjli.so
7f8b308ef000-7f8b308f1000 rw-p 00000000 00:00 0 
7f8b308f1000-7f8b308f2000 r--p 00000000 00:2c 1353916                    /usr/lib/x86_64-linux-gnu/ld-2.31.so
7f8b308f2000-7f8b30912000 r-xp 00001000 00:2c 1353916                    /usr/lib/x86_64-linux-gnu/ld-2.31.so
7f8b30912000-7f8b3091a000 r--p 00021000 00:2c 1353916                    /usr/lib/x86_64-linux-gnu/ld-2.31.so
7f8b3091a000-7f8b3091b000 ---p 00000000 00:00 0 
7f8b3091b000-7f8b3091c000 r--p 00029000 00:2c 1353916                    /usr/lib/x86_64-linux-gnu/ld-2.31.so
7f8b3091c000-7f8b3091d000 rw-p 0002a000 00:2c 1353916                    /usr/lib/x86_64-linux-gnu/ld-2.31.so
7f8b3091d000-7f8b3091e000 rw-p 00000000 00:00 0 
7ffea2ac2000-7ffea2ae3000 rw-p 00000000 00:00 0                          [stack]
7ffea2b7b000-7ffea2b7f000 r--p 00000000 00:00 0                          [vvar]
7ffea2b7f000-7ffea2b81000 r-xp 00000000 00:00 0                          [vdso]
ffffffffff600000-ffffffffff601000 --xp 00000000 00:00 0                  [vsyscall]
Total number of mappings: 255


VM Arguments:
jvm_args: --add-modules=ALL-SYSTEM --add-opens=java.base/java.util=ALL-UNNAMED --add-opens=java.base/java.lang=ALL-UNNAMED --add-opens=java.base/sun.nio.fs=ALL-UNNAMED -Declipse.application=org.eclipse.jdt.ls.core.id1 -Dosgi.bundles.defaultStartLevel=4 -Declipse.product=org.eclipse.jdt.ls.core.product -Djava.import.generatesMetadataFilesAtProjectRoot=false -DDetectVMInstallationsJob.disabled=true -Dfile.encoding=utf8 -XX:+UseParallelGC -XX:GCTimeRatio=4 -XX:AdaptiveSizePolicyWeight=90 -Dsun.zip.disableMemoryMapping=true -Xmx1G -Xms100m -Xlog:disable -javaagent:/home/viniciusnogueira/.vscode/extensions/redhat.java-1.39.0-linux-x64/lombok/lombok-1.18.34.jar -XX:+HeapDumpOnOutOfMemoryError -XX:HeapDumpPath=/home/viniciusnogueira/.config/Code/User/workspaceStorage/ba7d5fb42bc27d3f3b83038a8ff2cd8a/redhat.java -Daether.dependencyCollector.impl=bf 
java_command: /home/viniciusnogueira/.vscode/extensions/redhat.java-1.39.0-linux-x64/server/plugins/org.eclipse.equinox.launcher_1.6.900.v20240613-2009.jar -configuration /home/viniciusnogueira/.config/Code/User/globalStorage/redhat.java/1.39.0/config_linux -data /home/viniciusnogueira/.config/Code/User/workspaceStorage/ba7d5fb42bc27d3f3b83038a8ff2cd8a/redhat.java/jdt_ws --pipe=/run/user/1000/lsp-95366177806ce54b5490f05180ca60b8.sock
java_class_path (initial): /home/viniciusnogueira/.vscode/extensions/redhat.java-1.39.0-linux-x64/server/plugins/org.eclipse.equinox.launcher_1.6.900.v20240613-2009.jar
Launcher Type: SUN_STANDARD

[Global flags]
    uintx AdaptiveSizePolicyWeight                 = 90                                        {product} {command line}
     intx CICompilerCount                          = 2                                         {product} {ergonomic}
    uintx GCTimeRatio                              = 4                                         {product} {command line}
     bool HeapDumpOnOutOfMemoryError               = true                                   {manageable} {command line}
    ccstr HeapDumpPath                             = /home/viniciusnogueira/.config/Code/User/workspaceStorage/ba7d5fb42bc27d3f3b83038a8ff2cd8a/redhat.java         {manageable} {command line}
   size_t InitialHeapSize                          = 104857600                                 {product} {command line}
   size_t MaxHeapSize                              = 1073741824                                {product} {command line}
   size_t MaxNewSize                               = 357564416                                 {product} {ergonomic}
   size_t MinHeapDeltaBytes                        = 524288                                    {product} {ergonomic}
   size_t MinHeapSize                              = 104857600                                 {product} {command line}
   size_t NewSize                                  = 34603008                                  {product} {ergonomic}
    uintx NonNMethodCodeHeapSize                   = 5826188                                {pd product} {ergonomic}
    uintx NonProfiledCodeHeapSize                  = 122916026                              {pd product} {ergonomic}
   size_t OldSize                                  = 70254592                                  {product} {ergonomic}
    uintx ProfiledCodeHeapSize                     = 122916026                              {pd product} {ergonomic}
    uintx ReservedCodeCacheSize                    = 251658240                              {pd product} {ergonomic}
     bool SegmentedCodeCache                       = true                                      {product} {ergonomic}
   size_t SoftMaxHeapSize                          = 1073741824                             {manageable} {ergonomic}
     bool UseCompressedOops                        = true                           {product lp64_product} {ergonomic}
     bool UseParallelGC                            = true                                      {product} {command line}

Logging:
Log output configuration:
 #0: stdout all=off uptime,level,tags foldmultilines=false
 #1: stderr all=off uptime,level,tags foldmultilines=false

Environment Variables:
JAVA_HOME=/opt/jdk-21.0.4+7
PATH=/home/viniciusnogueira/.local/bin:/opt/jdk-21.0.4+7/bin:/usr/local/bin:/usr/bin:/bin:/usr/local/games:/usr/games:/home/viniciusnogueira/.local/share/JetBrains/Toolbox/scripts
XDG_CONFIG_HOME=/home/viniciusnogueira/.config
SHELL=/bin/bash
DISPLAY=:0
LANG=en_US.UTF-8

Active Locale:
LC_ALL=en_US.UTF-8
LC_COLLATE=en_US.UTF-8
LC_CTYPE=en_US.UTF-8
LC_MESSAGES=en_US.UTF-8
LC_MONETARY=en_US.UTF-8
LC_NUMERIC=en_US.UTF-8
LC_TIME=en_US.UTF-8

Signal Handlers:
   SIGSEGV: crash_handler in libjvm.so, mask=11100100010111111101111111111110, flags=SA_RESTART|SA_SIGINFO, unblocked
    SIGBUS: crash_handler in libjvm.so, mask=11100100010111111101111111111110, flags=SA_RESTART|SA_SIGINFO, unblocked
    SIGFPE: crash_handler in libjvm.so, mask=11100100010111111101111111111110, flags=SA_RESTART|SA_SIGINFO, unblocked
   SIGPIPE: javaSignalHandler in libjvm.so, mask=11100100010111111101111111111110, flags=SA_RESTART|SA_SIGINFO, blocked
   SIGXFSZ: javaSignalHandler in libjvm.so, mask=11100100010111111101111111111110, flags=SA_RESTART|SA_SIGINFO, blocked
    SIGILL: crash_handler in libjvm.so, mask=11100100010111111101111111111110, flags=SA_RESTART|SA_SIGINFO, unblocked
   SIGUSR2: SR_handler in libjvm.so, mask=00000000000000000000000000000000, flags=SA_RESTART|SA_SIGINFO, blocked
    SIGHUP: UserHandler in libjvm.so, mask=11100100010111111101111111111110, flags=SA_RESTART|SA_SIGINFO, blocked
    SIGINT: UserHandler in libjvm.so, mask=11100100010111111101111111111110, flags=SA_RESTART|SA_SIGINFO, blocked
   SIGTERM: UserHandler in libjvm.so, mask=11100100010111111101111111111110, flags=SA_RESTART|SA_SIGINFO, blocked
   SIGQUIT: UserHandler in libjvm.so, mask=11100100010111111101111111111110, flags=SA_RESTART|SA_SIGINFO, blocked
   SIGTRAP: crash_handler in libjvm.so, mask=11100100010111111101111111111110, flags=SA_RESTART|SA_SIGINFO, unblocked


Periodic native trim disabled

---------------  S Y S T E M  ---------------

OS:
PRETTY_NAME="Debian GNU/Linux 11 (bullseye)"
NAME="Debian GNU/Linux"
VERSION_ID="11"
VERSION="11 (bullseye)"
VERSION_CODENAME=bullseye
ID=debian
HOME_URL="https://www.debian.org/"
SUPPORT_URL="https://www.debian.org/support"
BUG_REPORT_URL="https://bugs.debian.org/"
uname: Linux 6.6.56-05934-gf790fe104dba #1 SMP PREEMPT_DYNAMIC Wed, 25 Dec 2024 22:23:38 -0800 x86_64
OS uptime: 1 days 1:54 hours
libc: glibc 2.31 NPTL 2.31 
rlimit (soft/hard): STACK 8192k/infinity , CORE 0k/infinity , NPROC 26198/26198 , NOFILE 1048576/1048576 , AS infinity/infinity , CPU infinity/infinity , DATA infinity/infinity , FSIZE infinity/infinity , MEMLOCK infinity/infinity
load average: 2.29 3.12 3.05

/proc/meminfo:
MemTotal:        6709596 kB
MemFree:         3423876 kB
MemAvailable:    4177932 kB
Buffers:               0 kB
Cached:           754056 kB
SwapCached:            0 kB
Active:          2876100 kB
Inactive:         323612 kB
Active(anon):    2558940 kB
Inactive(anon):        0 kB
Active(file):     317160 kB
Inactive(file):   323612 kB
Unevictable:           0 kB
Mlocked:               0 kB
SwapTotal:             0 kB
SwapFree:              0 kB
Dirty:               684 kB
Writeback:             0 kB
AnonPages:       2445732 kB
Mapped:           411596 kB
Shmem:            113208 kB
KReclaimable:      36720 kB
Slab:                  0 kB
SReclaimable:          0 kB
SUnreclaim:            0 kB
KernelStack:       10944 kB
PageTables:        28816 kB
SecPageTables:         0 kB
NFS_Unstable:          0 kB
Bounce:                0 kB
WritebackTmp:          0 kB
CommitLimit:     3354796 kB
Committed_AS:   12887964 kB
VmallocTotal:   34359738367 kB
VmallocUsed:       13932 kB
VmallocChunk:          0 kB
Percpu:              816 kB
AnonHugePages:         0 kB
ShmemHugePages:        0 kB
ShmemPmdMapped:        0 kB
FileHugePages:         0 kB
FilePmdMapped:         0 kB
HugePages_Total:       0
HugePages_Free:        0
HugePages_Rsvd:        0
HugePages_Surp:        0
Hugepagesize:       2048 kB
Hugetlb:               0 kB
DirectMap4k:      215040 kB
DirectMap2M:     7213056 kB

/sys/kernel/mm/transparent_hugepage/enabled: always madvise [never]
/sys/kernel/mm/transparent_hugepage/hpage_pmd_size: 2097152
/sys/kernel/mm/transparent_hugepage/defrag (defrag/compaction efforts parameter): always defer defer+madvise [madvise] never

Process Memory:
Virtual Size: 3721824K (peak: 3721824K)
Resident Set Size: 963936K (peak: 963936K) (anon: 804044K, file: 159892K, shmem: 0K)
Swapped out: 0K
C-Heap outstanding allocations: 46260K, retained: 57379K
glibc malloc tunables: (default)

/proc/sys/kernel/threads-max (system-wide limit on the number of threads): 52397
/proc/sys/vm/max_map_count (maximum number of memory map areas a process may have): 262144
/proc/sys/vm/swappiness (control to define how aggressively the kernel swaps out anonymous memory): 60
/proc/sys/kernel/pid_max (system-wide limit on number of process identifiers): 32768

container (cgroup) information:
container_type: cgroupv1
cpu_cpuset_cpus: 0-1
cpu_memory_nodes: 0
active_processor_count: 2
cpu_quota: no quota
cpu_period: 100000
cpu_shares: no shares
memory_limit_in_bytes: unlimited
memory_and_swap_limit_in_bytes: unlimited
memory_soft_limit_in_bytes: unlimited
memory_usage_in_bytes: 3149020 k
memory_max_usage_in_bytes: 3776736 k
kernel_memory_usage_in_bytes: 75204 k
kernel_memory_max_usage_in_bytes: unlimited
kernel_memory_limit_in_bytes: 76424 k
maximum number of tasks: unlimited
current number of tasks: 486

KVM virtualization detected
Steal ticks since vm start: 0
Steal ticks percentage since vm start:  0.000

CPU: total 2 (initial active 2) (2 cores per cpu, 1 threads per core) family 6 model 156 stepping 0 microcode 0x1, cx8, cmov, fxsr, mmx, 3dnowpref, sse, sse2, sse3, ssse3, sse4.1, sse4.2, popcnt, tsc, tscinvbit, aes, erms, clmul, sha, clflush, clflushopt, clwb, hv, rdtscp, rdpid
CPU Model and flags from /proc/cpuinfo:
model name	: Intel(R) Celeron(R) N4500 @ 1.10GHz
flags		: fpu vme de pse tsc msr pae mce cx8 apic sep mtrr pge mca cmov pat pse36 clflush mmx fxsr sse sse2 ss ht syscall nx rdtscp lm constant_tsc arch_perfmon rep_good nopl xtopology nonstop_tsc cpuid tsc_known_freq pni pclmulqdq vmx ssse3 cx16 pdcm sse4_1 sse4_2 x2apic movbe popcnt tsc_deadline_timer aes xsave rdrand hypervisor lahf_lm 3dnowprefetch cpuid_fault ssbd ibrs ibpb stibp ibrs_enhanced tpr_shadow flexpriority ept vpid ept_ad fsgsbase tsc_adjust smep erms rdseed smap clflushopt clwb sha_ni xsaveopt xsavec xgetbv1 xsaves arat vnmi umip waitpkg gfni rdpid movdiri movdir64b md_clear arch_capabilities

Online cpus: 0-1
Offline cpus: 
BIOS frequency limitation: <Not Available>
Frequency switch latency (ns): <Not Available>
Available cpu frequencies: <Not Available>
Current governor: <Not Available>
Core performance/turbo boost: <Not Available>

Memory: 4k page, physical 6709596k(4176528k free), swap 0k(0k free)
Page Sizes: 4k

vm_info: OpenJDK 64-Bit Server VM (21.0.5+11-LTS) for linux-amd64 JRE (21.0.5+11-LTS), built on 2024-10-15T00:00:00Z by "admin" with gcc 11.3.0

END.
